{"tool":"pest","result":"failed","tests":46,"passed":43,"assertions":254,"duration_ms":522,"failed":3,"failures":[{"test":"P\\Tests\\Feature\\BrowserBridgeApiTest::__pest_evaluable_it_stores_runtime_Safari_capability_audits_for_dashboard_badges","file":"/Users/jakub/Webdev/projekty-prywatne/browser-bridge/vendor/laravel/framework/src/Illuminate/Testing/TestResponseAssert.php","line":45,"message":"Failed asserting that '<!DOCTYPE html>\\n\n<html lang=\"en\">\\n\n <head>\\n\n <meta charset=\"utf-8\">\\n\n <meta name=\"viewport\" content=\"width=device-width, initial-scale=1\">\\n\n <title>BrowserBridge Dashboard</title>\\n\n <link rel=\"preload\" as=\"font\" href=\"http://[::1]:5173/__laravel_vite_plugin__/fonts/6e555d8dc566643f.woff2\" type=\"font/woff2\" crossorigin=\"anonymous\" />\\n\n<link rel=\"preload\" as=\"font\" href=\"http://[::1]:5173/__laravel_vite_plugin__/fonts/ff15a9471b9be611.woff2\" type=\"font/woff2\" crossorigin=\"anonymous\" />\\n\n<link rel=\"preload\" as=\"font\" href=\"http://[::1]:5173/__laravel_vite_plugin__/fonts/deb37de61ccf1311.woff2\" type=\"font/woff2\" crossorigin=\"anonymous\" />\\n\n<link rel=\"preload\" as=\"font\" href=\"http://[::1]:5173/__laravel_vite_plugin__/fonts/985e05288df292bd.woff2\" type=\"font/woff2\" crossorigin=\"anonymous\" />\\n\n<link rel=\"preload\" as=\"font\" href=\"http://[::1]:5173/__laravel_vite_plugin__/fonts/c8b2f78776e13cf8.woff2\" type=\"font/woff2\" crossorigin=\"anonymous\" />\\n\n<link rel=\"preload\" as=\"font\" href=\"http://[::1]:5173/__laravel_vite_plugin__/fonts/719f96ae39f1b102.woff2\" type=\"font/woff2\" crossorigin=\"anonymous\" />\\n\n<style>\\n\n@font-face {\\n\n font-family: \"Instrument Sans\";\\n\n font-style: normal;\\n\n font-weight: 400;\\n\n font-display: swap;\\n\n src: url(\"http://[::1]:5173/__laravel_vite_plugin__/fonts/6e555d8dc566643f.woff2\") format(\"woff2\");\\n\n unicode-range: U+0000-00FF,U+0131,U+0152-0153,U+02BB-02BC,U+02C6,U+02DA,U+02DC,U+0304,U+0308,U+0329,U+2000-206F,U+20AC,U+2122,U+2191,U+2193,U+2212,U+2215,U+FEFF,U+FFFD;\\n\n}\\n\n\\n\n@font-face {\\n\n font-family: \"Instrument Sans\";\\n\n font-style: normal;\\n\n font-weight: 400;\\n\n font-display: swap;\\n\n src: url(\"http://[::1]:5173/__laravel_vite_plugin__/fonts/66ee972dff3f8000.woff\") format(\"woff\");\\n\n unicode-range: U+0000-00FF,U+0131,U+0152-0153,U+02BB-02BC,U+02C6,U+02DA,U+02DC,U+0304,U+0308,U+0329,U+2000-206F,U+20AC,U+2122,U+2191,U+2193,U+2212,U+2215,U+FEFF,U+FFFD;\\n\n}\\n\n\\n\n@font-face {\\n\n font-family: \"Instrument Sans\";\\n\n font-style: normal;\\n\n font-weight: 400;\\n\n font-display: swap;\\n\n src: url(\"http://[::1]:5173/__laravel_vite_plugin__/fonts/ff15a9471b9be611.woff2\") format(\"woff2\");\\n\n unicode-range: U+0100-02BA,U+02BD-02C5,U+02C7-02CC,U+02CE-02D7,U+02DD-02FF,U+0304,U+0308,U+0329,U+1D00-1DBF,U+1E00-1E9F,U+1EF2-1EFF,U+2020,U+20A0-20AB,U+20AD-20C0,U+2113,U+2C60-2C7F,U+A720-A7FF;\\n\n}\\n\n\\n\n@font-face {\\n\n font-family: \"Instrument Sans\";\\n\n font-style: normal;\\n\n font-weight: 400;\\n\n font-display: swap;\\n\n src: url(\"http://[::1]:5173/__laravel_vite_plugin__/fonts/be8c678754f21acd.woff\") format(\"woff\");\\n\n unicode-range: U+0100-02BA,U+02BD-02C5,U+02C7-02CC,U+02CE-02D7,U+02DD-02FF,U+0304,U+0308,U+0329,U+1D00-1DBF,U+1E00-1E9F,U+1EF2-1EFF,U+2020,U+20A0-20AB,U+20AD-20C0,U+2113,U+2C60-2C7F,U+A720-A7FF;\\n\n}\\n\n\\n\n@font-face {\\n\n font-family: \"Instrument Sans\";\\n\n font-style: normal;\\n\n font-weight: 500;\\n\n font-display: swap;\\n\n src: url(\"http://[::1]:5173/__laravel_vite_plugin__/fonts/deb37de61ccf1311.woff2\") format(\"woff2\");\\n\n unicode-range: U+0000-00FF,U+0131,U+0152-0153,U+02BB-02BC,U+02C6,U+02DA,U+02DC,U+0304,U+0308,U+0329,U+2000-206F,U+20AC,U+2122,U+2191,U+2193,U+2212,U+2215,U+FEFF,U+FFFD;\\n\n}\\n\n\\n\n@font-face {\\n\n font-family: \"Instrument Sans\";\\n\n font-style: normal;\\n\n font-weight: 500;\\n\n font-display: swap;\\n\n src: url(\"http://[::1]:5173/__laravel_vite_plugin__/fonts/446a8cdb5544b965.woff\") format(\"woff\");\\n\n unicode-range: U+0000-00FF,U+0131,U+0152-0153,U+02BB-02BC,U+02C6,U+02DA,U+02DC,U+0304,U+0308,U+0329,U+2000-206F,U+20AC,U+2122,U+2191,U+2193,U+2212,U+2215,U+FEFF,U+FFFD;\\n\n}\\n\n\\n\n@font-face {\\n\n font-family: \"Instrument Sans\";\\n\n font-style: normal;\\n\n font-weight: 500;\\n\n font-display: swap;\\n\n src: url(\"http://[::1]:5173/__laravel_vite_plugin__/fonts/985e05288df292bd.woff2\") format(\"woff2\");\\n\n unicode-range: U+0100-02BA,U+02BD-02C5,U+02C7-02CC,U+02CE-02D7,U+02DD-02FF,U+0304,U+0308,U+0329,U+1D00-1DBF,U+1E00-1E9F,U+1EF2-1EFF,U+2020,U+20A0-20AB,U+20AD-20C0,U+2113,U+2C60-2C7F,U+A720-A7FF;\\n\n}\\n\n\\n\n@font-face {\\n\n font-family: \"Instrument Sans\";\\n\n font-style: normal;\\n\n font-weight: 500;\\n\n font-display: swap;\\n\n src: url(\"http://[::1]:5173/__laravel_vite_plugin__/fonts/751cbdf14cd4d183.woff\") format(\"woff\");\\n\n unicode-range: U+0100-02BA,U+02BD-02C5,U+02C7-02CC,U+02CE-02D7,U+02DD-02FF,U+0304,U+0308,U+0329,U+1D00-1DBF,U+1E00-1E9F,U+1EF2-1EFF,U+2020,U+20A0-20AB,U+20AD-20C0,U+2113,U+2C60-2C7F,U+A720-A7FF;\\n\n}\\n\n\\n\n@font-face {\\n\n font-family: \"Instrument Sans\";\\n\n font-style: normal;\\n\n font-weight: 600;\\n\n font-display: swap;\\n\n src: url(\"http://[::1]:5173/__laravel_vite_plugin__/fonts/c8b2f78776e13cf8.woff2\") format(\"woff2\");\\n\n unicode-range: U+0000-00FF,U+0131,U+0152-0153,U+02BB-02BC,U+02C6,U+02DA,U+02DC,U+0304,U+0308,U+0329,U+2000-206F,U+20AC,U+2122,U+2191,U+2193,U+2212,U+2215,U+FEFF,U+FFFD;\\n\n}\\n\n\\n\n@font-face {\\n\n font-family: \"Instrument Sans\";\\n\n font-style: normal;\\n\n font-weight: 600;\\n\n font-display: swap;\\n\n src: url(\"http://[::1]:5173/__laravel_vite_plugin__/fonts/be2eaf5da0c32648.woff\") format(\"woff\");\\n\n unicode-range: U+0000-00FF,U+0131,U+0152-0153,U+02BB-02BC,U+02C6,U+02DA,U+02DC,U+0304,U+0308,U+0329,U+2000-206F,U+20AC,U+2122,U+2191,U+2193,U+2212,U+2215,U+FEFF,U+FFFD;\\n\n}\\n\n\\n\n@font-face {\\n\n font-family: \"Instrument Sans\";\\n\n font-style: normal;\\n\n font-weight: 600;\\n\n font-display: swap;\\n\n src: url(\"http://[::1]:5173/__laravel_vite_plugin__/fonts/719f96ae39f1b102.woff2\") format(\"woff2\");\\n\n unicode-range: U+0100-02BA,U+02BD-02C5,U+02C7-02CC,U+02CE-02D7,U+02DD-02FF,U+0304,U+0308,U+0329,U+1D00-1DBF,U+1E00-1E9F,U+1EF2-1EFF,U+2020,U+20A0-20AB,U+20AD-20C0,U+2113,U+2C60-2C7F,U+A720-A7FF;\\n\n}\\n\n\\n\n@font-face {\\n\n font-family: \"Instrument Sans\";\\n\n font-style: normal;\\n\n font-weight: 600;\\n\n font-display: swap;\\n\n src: url(\"http://[::1]:5173/__laravel_vite_plugin__/fonts/8ff7e8c25323c4a8.woff\") format(\"woff\");\\n\n unicode-range: U+0100-02BA,U+02BD-02C5,U+02C7-02CC,U+02CE-02D7,U+02DD-02FF,U+0304,U+0308,U+0329,U+1D00-1DBF,U+1E00-1E9F,U+1EF2-1EFF,U+2020,U+20A0-20AB,U+20AD-20C0,U+2113,U+2C60-2C7F,U+A720-A7FF;\\n\n}\\n\n\\n\n:root {\\n\n --font-instrument-sans: \"Instrument Sans\", \"Instrument Sans fallback\";\\n\n}\\n\n\\n\n.font-instrument-sans {\\n\n font-family: var(--font-instrument-sans);\\n\n}\\n\n</style> <script type=\"module\" src=\"http://[::1]:5173/@vite/client\"></script><link rel=\"stylesheet\" href=\"http://[::1]:5173/resources/css/app.css\" /><script type=\"module\" src=\"http://[::1]:5173/resources/js/app.js\"></script> </head>\\n\n <body>\\n\n <main class=\"bb-dashboard-layout\">\\n\n <nav class=\"bb-sidebar\">\\n\n <div class=\"bb-kicker\" style=\"margin-bottom:0\">BrowserBridge</div>\\n\n <div class=\"bb-nav\">\\n\n <a href=\"#overview\" class=\"bb-nav-item active\">\\n\n <span class=\"bb-icon\" style=\"height:24px;width:24px\" aria-hidden=\"true\">\\n\n <svg viewBox=\"0 0 24 24\" fill=\"none\" stroke=\"currentColor\" stroke-width=\"2\"><rect x=\"3\" y=\"3\" width=\"7\" height=\"7\"/><rect x=\"14\" y=\"3\" width=\"7\" height=\"7\"/><rect x=\"14\" y=\"14\" width=\"7\" height=\"7\"/><rect x=\"3\" y=\"14\" width=\"7\" height=\"7\"/></svg>\\n\n </span>\\n\n Overview\\n\n </a>\\n\n <a href=\"#devices\" class=\"bb-nav-item\">\\n\n <span class=\"bb-icon\" style=\"height:24px;width:24px\" aria-hidden=\"true\">\\n\n <svg viewBox=\"0 0 24 24\" fill=\"none\" stroke=\"currentColor\" stroke-width=\"2\"><rect x=\"4\" y=\"4\" width=\"16\" height=\"16\" rx=\"2\" ry=\"2\"/><rect x=\"9\" y=\"9\" width=\"6\" height=\"6\"/></svg>\\n\n </span>\\n\n Devices\\n\n </a>\\n\n <a href=\"#tabs\" class=\"bb-nav-item\">\\n\n <span class=\"bb-icon\" style=\"height:24px;width:24px\" aria-hidden=\"true\">\\n\n <svg viewBox=\"0 0 24 24\" fill=\"none\" stroke=\"currentColor\" stroke-width=\"2\"><rect x=\"3\" y=\"4\" width=\"18\" height=\"14\" rx=\"2\"/><path d=\"M8 20h8\"/></svg>\\n\n </span>\\n\n Tabs\\n\n </a>\\n\n <a href=\"#bookmarks\" class=\"bb-nav-item\">\\n\n <span class=\"bb-icon\" style=\"height:24px;width:24px\" aria-hidden=\"true\">\\n\n <svg viewBox=\"0 0 24 24\" fill=\"none\" stroke=\"currentColor\" stroke-width=\"2\"><path d=\"m19 21-7-4-7 4V5a2 2 0 0 1 2-2h10a2 2 0 0 1 2 2z\"/></svg>\\n\n </span>\\n\n Bookmarks\\n\n </a>\\n\n <a href=\"#history\" class=\"bb-nav-item\">\\n\n <span class=\"bb-icon\" style=\"height:24px;width:24px\" aria-hidden=\"true\">\\n\n <svg viewBox=\"0 0 24 24\" fill=\"none\" stroke=\"currentColor\" stroke-width=\"2\"><path d=\"M3 12a9 9 0 1 0 3-6.7\"/><path d=\"M3 3v6h6\"/><path d=\"M12 7v5l3 2\"/></svg>\\n\n </span>\\n\n History\\n\n </a>\\n\n <a href=\"#activity\" class=\"bb-nav-item\">\\n\n <span class=\"bb-icon\" style=\"height:24px;width:24px\" aria-hidden=\"true\">\\n\n <svg viewBox=\"0 0 24 24\" fill=\"none\" stroke=\"currentColor\" stroke-width=\"2\"><polyline points=\"22 12 18 12 15 21 9 3 6 12 2 12\"/></svg>\\n\n </span>\\n\n Activity\\n\n </a>\\n\n <a href=\"#settings\" class=\"bb-nav-item\">\\n\n <span class=\"bb-icon\" style=\"height:24px;width:24px\" aria-hidden=\"true\">\\n\n <svg viewBox=\"0 0 24 24\" fill=\"none\" stroke=\"currentColor\" stroke-width=\"2\"><path d=\"M12 20h9\"/><path d=\"M16.5 3.5a2.1 2.1 0 0 1 3 3L7 19l-4 1 1-4Z\"/></svg>\\n\n </span>\\n\n Settings\\n\n </a>\\n\n </div>\\n\n </nav>\\n\n\\n\n <div class=\"bb-content\">\\n\n <header class=\"bb-header\" id=\"overview\">\\n\n <div>\\n\n <h1 class=\"bb-title\">BrowserBridge</h1>\\n\n <p class=\"bb-copy\">Your private bridge between browsers.</p>\\n\n <div class=\"bb-row\" style=\"margin-top: 16px;\">\\n\n <a href=\"#tabs\" class=\"bb-button\">\\n\n <svg viewBox=\"0 0 24 24\" fill=\"none\" stroke=\"currentColor\" stroke-width=\"2\" style=\"width:16px;height:16px\"><path d=\"m22 2-7 20-4-9-9-4Z\"/><path d=\"M22 2 11 13\"/></svg>\\n\n Send a tab\\n\n </a>\\n\n <a href=\"#bookmarks\" class=\"bb-button bb-button-secondary\">Set up bookmark sync</a>\\n\n </div>\\n\n </div>\\n\n <span class=\"bb-badge bb-badge-accent\">\\n\n <span class=\"bb-icon\" aria-hidden=\"true\">\\n\n <svg viewBox=\"0 0 24 24\" fill=\"none\" stroke=\"currentColor\" stroke-width=\"2\"><polyline points=\"20 6 9 17 4 12\"/></svg>\\n\n </span>\\n\n Local server running\\n\n </span>\\n\n </header>\\n\n\\n\n \\n\n <section class=\"bb-grid bb-grid-5\" aria-label=\"Storage summary\">\\n\n <article class=\"bb-stat\">\\n\n <div class=\"bb-stat-top\">\\n\n <span class=\"bb-icon\" aria-hidden=\"true\">\\n\n <svg viewBox=\"0 0 24 24\" fill=\"none\" stroke=\"currentColor\" stroke-width=\"2\"><rect x=\"6\" y=\"4\" width=\"12\" height=\"16\" rx=\"2\"/><path d=\"M10 8h4M10 16h4\"/></svg>\\n\n </span>\\n\n <p class=\"bb-stat-label\">Devices</p>\\n\n </div>\\n\n <p class=\"bb-stat-value\">1</p>\\n\n </article>\\n\n <article class=\"bb-stat\">\\n\n <div class=\"bb-stat-top\">\\n\n <span class=\"bb-icon\" aria-hidden=\"true\">\\n\n <svg viewBox=\"0 0 24 24\" fill=\"none\" stroke=\"currentColor\" stroke-width=\"2\"><path d=\"m19 21-7-4-7 4V5a2 2 0 0 1 2-2h10a2 2 0 0 1 2 2z\"/></svg>\\n\n </span>\\n\n <p class=\"bb-stat-label\">Bookmarks</p>\\n\n </div>\\n\n <p class=\"bb-stat-value\">0</p>\\n\n <p class=\"bb-stat-meta\">0 snapshots</p>\\n\n </article>\\n\n <article class=\"bb-stat\">\\n\n <div class=\"bb-stat-top\">\\n\n <span class=\"bb-icon\" aria-hidden=\"true\">\\n\n <svg viewBox=\"0 0 24 24\" fill=\"none\" stroke=\"currentColor\" stroke-width=\"2\"><rect x=\"3\" y=\"4\" width=\"18\" height=\"14\" rx=\"2\"/><path d=\"M8 20h8\"/></svg>\\n\n </span>\\n\n <p class=\"bb-stat-label\">Open tabs</p>\\n\n </div>\\n\n <p class=\"bb-stat-value\">0</p>\\n\n <p class=\"bb-stat-meta\">0 snapshots</p>\\n\n </article>\\n\n <article class=\"bb-stat\">\\n\n <div class=\"bb-stat-top\">\\n\n <span class=\"bb-icon\" aria-hidden=\"true\">\\n\n <svg viewBox=\"0 0 24 24\" fill=\"none\" stroke=\"currentColor\" stroke-width=\"2\"><path d=\"M3 12a9 9 0 1 0 3-6.7\"/><path d=\"M3 3v6h6\"/><path d=\"M12 7v5l3 2\"/></svg>\\n\n </span>\\n\n <p class=\"bb-stat-label\">History items</p>\\n\n </div>\\n\n <p class=\"bb-stat-value\">0</p>\\n\n </article>\\n\n <article class=\"bb-stat\">\\n\n <div class=\"bb-stat-top\">\\n\n <span class=\"bb-icon\" aria-hidden=\"true\">\\n\n <svg viewBox=\"0 0 24 24\" fill=\"none\" stroke=\"currentColor\" stroke-width=\"2\"><path d=\"m22 2-7 20-4-9-9-4Z\"/><path d=\"M22 2 11 13\"/></svg>\\n\n </span>\\n\n <p class=\"bb-stat-label\">Tab commands</p>\\n\n </div>\\n\n <p class=\"bb-stat-value\">0</p>\\n\n <p class=\"bb-stat-meta\">0 total</p>\\n\n </article>\\n\n </section>\\n\n\\n\n <section id=\"devices\">\\n\n <div class=\"bb-section-head\" style=\"margin-bottom: 16px;\">\\n\n <div>\\n\n <h2 class=\"bb-section-title\" style=\"font-size: 20px;\">Connected devices</h2>\\n\n <p class=\"bb-section-copy\">Browsers connected to this BrowserBridge server.</p>\\n\n </div>\\n\n <div class=\"bb-row\" style=\"gap: 8px;\">\\n\n <a href=\"https://browserbridge.test/dashboard?status=active#devices\" class=\"bb-button bb-button-accent\">Active</a>\\n\n <a href=\"https://browserbridge.test/dashboard?status=disconnected#devices\" class=\"bb-button bb-button-secondary\">Disconnected</a>\\n\n <a href=\"https://browserbridge.test/dashboard?status=all#devices\" class=\"bb-button bb-button-secondary\">All</a>\\n\n </div>\\n\n </div>\\n\n\\n\n <div class=\"bb-grid bb-grid-2\">\\n\n <div class=\"bb-device-card\">\\n\n <div class=\"bb-device-card-header\">\\n\n <div>\\n\n <h3 class=\"bb-device-card-title\">Safari Mac</h3>\\n\n <div class=\"bb-row\" style=\"gap: 6px; margin-top: 8px;\">\\n\n <span class=\"bb-badge\" style=\"background:var(--bb-surface-muted)\">safari</span>\\n\n <span class=\"bb-badge\" style=\"background:var(--bb-surface-muted)\">macos</span>\\n\n </div>\\n\n </div>\\n\n <span class=\"bb-badge bb-badge-accent\">\\n\n 0 seconds ago\\n\n </span>\\n\n </div>\\n\n \\n\n <div style=\"margin-top: 4px;\">\\n\n <span class=\"bb-item-title\" style=\"color:var(--bb-warning-text)\">Limited by Safari</span>\\n\n <div class=\"bb-item-meta\">Tabs work. Safari bookmarks/history are not exposed by Safari.</div>\\n\n </div>\\n\n\\n\n <div class=\"bb-grid bb-grid-2\" style=\"gap:12px; margin-top:8px;\">\\n\n <div>\\n\n <div class=\"bb-item-title\">0 open tabs</div>\\n\n <div class=\"bb-item-meta\">Pending: 0</div>\\n\n </div>\\n\n <div>\\n\n <div class=\"bb-item-title\">0 bookmarks</div>\\n\n <div class=\"bb-item-meta\">0 history items</div>\\n\n </div>\\n\n </div>\\n\n\\n\n <details class=\"bb-details\">\\n\n <summary class=\"bb-details-summary\">\\n\n <span class=\"bb-icon\" style=\"height:20px;width:20px;background:none;border:none\">\\n\n <svg viewBox=\"0 0 24 24\" fill=\"none\" stroke=\"currentColor\" stroke-width=\"2\"><circle cx=\"12\" cy=\"12\" r=\"10\"/><path d=\"M12 16v-4\"/><path d=\"M12 8h.01\"/></svg>\\n\n </span>\\n\n Advanced details\\n\n </summary>\\n\n <div class=\"bb-details-content bb-stack\" style=\"padding-bottom:14px; gap:12px;\">\\n\n <div>\\n\n <div class=\"bb-item-title\">Device ID</div>\\n\n <div class=\"bb-mono\" style=\"margin-top:4px\">f56f6bc6-2f98-39ff-9c0f-1c130ad36ee1</div>\\n\n </div>\\n\n <div>\\n\n <div class=\"bb-item-title\">Capabilities</div>\\n\n <div class=\"bb-list\" style=\"padding: 8px 0 0; gap: 6px;\">\\n\n <div class=\"bb-row\">\\n\n <span class=\"bb-item-meta\">Can sync native bookmarks</span>\\n\n <span class=\"bb-badge bb-badge-accent\">Available</span>\\n\n </div>\\n\n <div class=\"bb-row\">\\n\n <span class=\"bb-item-meta\">Can sync native history</span>\\n\n <span class=\"bb-badge bb-badge-warning\">Activity only</span>\\n\n </div>\\n\n <div class=\"bb-row\">\\n\n <span class=\"bb-item-meta\">Can send tabs</span>\\n\n <span class=\"bb-badge bb-badge-accent\">Available</span>\\n\n </div>\\n\n <div class=\"bb-row\">\\n\n <span class=\"bb-item-meta\">Can receive tabs</span>\\n\n <span class=\"bb-badge bb-badge-accent\">Available</span>\\n\n </div>\\n\n </div>\\n\n </div>\\n\n <div class=\"bb-row\" style=\"margin-top:8px;\">\\n\n <form method=\"POST\" action=\"https://browserbridge.test/dashboard/devices/1\" onsubmit=\"return confirm('Disconnect this device? It will disappear from active devices and pending tab commands will be cancelled. Existing synced data will be kept.');\">\\n\n <input type=\"hidden\" name=\"_token\" value=\"MMxOn3xMWKKR3DGCuojE88LT5qsc5oFyCsTslZNw\" autocomplete=\"off\"> <input type=\"hidden\" name=\"_method\" value=\"DELETE\"> <button type=\"submit\" class=\"bb-button bb-button-danger\" style=\"min-height:30px;font-size:12px;padding:4px 8px;\">Disconnect</button>\\n\n </form>\\n\n </div>\\n\n\\n\n <div style=\"margin-top: 16px; padding-top: 16px; border-top: 1px solid var(--bb-border);\">\\n\n <h4 class=\"bb-item-title\" style=\"color:var(--bb-warning-text)\">Purge device data</h4>\\n\n <p class=\"bb-item-meta\" style=\"margin-top:4px;\">This permanently deletes this device and its related BrowserBridge data. This cannot be undone.</p>\\n\n \\n\n <div class=\"bb-list\" style=\"margin-top:8px; padding:8px 0; gap:4px; font-size:11px;\">\\n\n <div>\u2022 0 bookmarks</div>\\n\n <div>\u2022 0 history items</div>\\n\n <div>\u2022 0 tab snapshots</div>\\n\n <div>\u2022 0 tab commands</div>\\n\n <div>\u2022 0 sync profiles</div>\\n\n </div>\\n\n\\n\n <form method=\"POST\" action=\"https://browserbridge.test/dashboard/devices/1/purge\" style=\"margin-top:12px; display:flex; flex-direction:column; gap:8px;\">\\n\n <input type=\"hidden\" name=\"_token\" value=\"MMxOn3xMWKKR3DGCuojE88LT5qsc5oFyCsTslZNw\" autocomplete=\"off\"> <input type=\"hidden\" name=\"_method\" value=\"DELETE\"> <input type=\"text\" name=\"confirmation_text\" placeholder=\"Type DELETE DEVICE DATA\" required style=\"font-size:12px; padding:6px 8px; border:1px solid var(--bb-border); border-radius:6px; background:var(--bb-surface); color:var(--bb-text);\">\\n\n <button type=\"submit\" class=\"bb-button\" style=\"background:var(--bb-warning-text); color:white; min-height:30px; font-size:12px; padding:4px 8px; justify-content:center;\">Purge Permanently</button>\\n\n </form>\\n\n </div>\\n\n </div>\\n\n </details>\\n\n </div>\\n\n </div>\\n\n </section>\\n\n\\n\n <section id=\"activity\" class=\"bb-card\" style=\"margin-bottom: 24px;\">\\n\n <div class=\"bb-section-head\">\\n\n <div>\\n\n <h2 class=\"bb-section-title\">Bookmark Sync</h2>\\n\n <p class=\"bb-section-copy\">Profiles for Safe Folder Import, Merge, and guarded Mirror runs.</p>\\n\n </div>\\n\n <span class=\"bb-badge bb-badge-accent\">0 profiles</span>\\n\n </div>\\n\n\\n\n <div class=\"bb-empty\">\\n\n No bookmark sync profiles yet. Create one from the Chrome extension options to preview and run imports.\\n\n </div>\\n\n \\n\n <div class=\"bb-section-head bb-card-pad\">\\n\n <div>\\n\n <h3 class=\"bb-section-title\">Recent bookmark sync runs</h3>\\n\n <p class=\"bb-section-copy\">Run history keeps previews, counts, errors, and operation logs auditable.</p>\\n\n </div>\\n\n <span class=\"bb-badge\">0 total</span>\\n\n </div>\\n\n\\n\n <div class=\"bb-empty\">No bookmark sync runs recorded yet.</div>\\n\n </section>\\n\n\\n\n <section id=\"tabs\">\\n\n <div style=\"margin-bottom: 16px;\">\\n\n <h2 class=\"bb-section-title\" style=\"font-size: 20px;\">Tabs</h2>\\n\n <p class=\"bb-section-copy\">Continue anywhere with your recent open and sent tabs.</p>\\n\n </div>\\n\n\\n\n <div class=\"bb-hero-card\" style=\"margin-bottom: 24px;\">\\n\n <h3 class=\"bb-section-title\" style=\"color:var(--bb-accent-strong)\">Recent tab handoffs</h3>\\n\n \\n\n <div class=\"bb-empty\" style=\"margin-top: 16px;\">No tabs sent recently.</div>\\n\n </div>\\n\n\\n\n <h3 class=\"bb-section-title\" style=\"margin-bottom: 16px;\">Open tabs by device</h3>\\n\n <div class=\"bb-card bb-empty\">No device tab snapshots yet.</div>\\n\n </section>\\n\n\\n\n <div class=\"bb-two-column\">\\n\n <section\\n\n id=\"bookmarks\"\\n\n class=\"bb-card\"\\n\n data-dashboard-browser\\n\n data-kind=\"bookmarks\"\\n\n data-endpoint=\"https://browserbridge.test/dashboard/bookmarks\"\\n\n data-limit=\"12\"\\n\n >\\n\n <div class=\"bb-section-head\" style=\"margin-bottom: 8px;\">\\n\n <div>\\n\n <h2 class=\"bb-section-title\">Bookmarks</h2>\\n\n <p class=\"bb-section-copy\">Latest 12 by default.</p>\\n\n </div>\\n\n <span class=\"bb-badge\" data-result-count>0 total</span>\\n\n </div>\\n\n <div class=\"bb-card-pad\" style=\"padding-top: 0;\">\\n\n <input data-search-input type=\"search\" class=\"bb-input\" placeholder=\"Search bookmarks..\">\\n\n </div>\\n\n <div data-loading class=\"bb-empty hidden\">Loading bookmarks..</div>\\n\n <div data-error class=\"bb-empty hidden\">Could not load bookmarks.</div>\\n\n <div data-empty class=\" bb-empty\">No BrowserBridge bookmarks found.</div>\\n\n <div data-results class=\"bb-list\">\\n\n </div>\\n\n <div class=\"bb-card-pad\">\\n\n <button data-load-more type=\"button\" class=\"hidden bb-button bb-button-secondary\">Show more</button>\\n\n </div>\\n\n </section>\\n\n\\n\n <section\\n\n id=\"history\"\\n\n class=\"bb-card\"\\n\n data-dashboard-browser\\n\n data-kind=\"history\"\\n\n data-endpoint=\"https://browserbridge.test/dashboard/history\"\\n\n data-limit=\"10\"\\n\n >\\n\n <div class=\"bb-section-head\" style=\"margin-bottom: 8px;\">\\n\n <div>\\n\n <h2 class=\"bb-section-title\">History</h2>\\n\n <p class=\"bb-section-copy\">Recent 10 by default.</p>\\n\n </div>\\n\n <span class=\"bb-badge\" data-result-count>0 total</span>\\n\n </div>\\n\n <div class=\"bb-card-pad\" style=\"padding-top: 0;\">\\n\n <input data-search-input type=\"search\" class=\"bb-input\" placeholder=\"Search history..\">\\n\n </div>\\n\n <div data-loading class=\"bb-empty hidden\">Loading history..</div>\\n\n <div data-error class=\"bb-empty hidden\">Could not load history.</div>\\n\n <div data-empty class=\" bb-empty\">No BrowserBridge history found.</div>\\n\n <div data-results class=\"bb-list\">\\n\n </div>\\n\n <div class=\"bb-card-pad\">\\n\n <button data-load-more type=\"button\" class=\"hidden bb-button bb-button-secondary\">Show more</button>\\n\n </div>\\n\n </section>\\n\n </div>\\n\n\\n\n <section id=\"settings\" class=\"bb-card bb-danger-zone\" style=\"margin-top: 40px;\">\\n\n <div class=\"bb-section-head\">\\n\n <div>\\n\n <h2 class=\"bb-section-title\">Privacy controls & Settings</h2>\\n\n <p class=\"bb-section-copy\">\\n\n Synced history is retained for 14 days by default and is only a BrowserBridge shared view.\\n\n </p>\\n\n </div>\\n\n <form method=\"POST\" action=\"https://browserbridge.test/dashboard/history\" onsubmit=\"return confirm('Delete all synced BrowserBridge history?');\">\\n\n <input type=\"hidden\" name=\"_token\" value=\"MMxOn3xMWKKR3DGCuojE88LT5qsc5oFyCsTslZNw\" autocomplete=\"off\"> <input type=\"hidden\" name=\"_method\" value=\"DELETE\"> <button type=\"submit\" class=\"bb-button bb-button-danger\">Delete synced history</button>\\n\n </form>\\n\n </div>\\n\n </section>\\n\n </div>\\n\n </main>\\n\n </body>\\n\n</html>\\n\n' [UTF-8](length: 29401) contains \"Bookmark upload: Available\" [ASCII](length: 26)."},{"test":"P\\Tests\\Feature\\BrowserBridgeApiTest::__pest_evaluable_it_shows_bookmark_counts_and_searchable_bookmarks_on_the_dashboard","file":"/Users/jakub/Webdev/projekty-prywatne/browser-bridge/vendor/laravel/framework/src/Illuminate/Testing/TestResponseAssert.php","line":45,"message":"Failed asserting that '<!DOCTYPE html>\\n\n<html lang=\"en\">\\n\n <head>\\n\n <meta charset=\"utf-8\">\\n\n <meta name=\"viewport\" content=\"width=device-width, initial-scale=1\">\\n\n <title>BrowserBridge Dashboard</title>\\n\n <link rel=\"preload\" as=\"font\" href=\"http://[::1]:5173/__laravel_vite_plugin__/fonts/6e555d8dc566643f.woff2\" type=\"font/woff2\" crossorigin=\"anonymous\" />\\n\n<link rel=\"preload\" as=\"font\" href=\"http://[::1]:5173/__laravel_vite_plugin__/fonts/ff15a9471b9be611.woff2\" type=\"font/woff2\" crossorigin=\"anonymous\" />\\n\n<link rel=\"preload\" as=\"font\" href=\"http://[::1]:5173/__laravel_vite_plugin__/fonts/deb37de61ccf1311.woff2\" type=\"font/woff2\" crossorigin=\"anonymous\" />\\n\n<link rel=\"preload\" as=\"font\" href=\"http://[::1]:5173/__laravel_vite_plugin__/fonts/985e05288df292bd.woff2\" type=\"font/woff2\" crossorigin=\"anonymous\" />\\n\n<link rel=\"preload\" as=\"font\" href=\"http://[::1]:5173/__laravel_vite_plugin__/fonts/c8b2f78776e13cf8.woff2\" type=\"font/woff2\" crossorigin=\"anonymous\" />\\n\n<link rel=\"preload\" as=\"font\" href=\"http://[::1]:5173/__laravel_vite_plugin__/fonts/719f96ae39f1b102.woff2\" type=\"font/woff2\" crossorigin=\"anonymous\" />\\n\n<style>\\n\n@font-face {\\n\n font-family: \"Instrument Sans\";\\n\n font-style: normal;\\n\n font-weight: 400;\\n\n font-display: swap;\\n\n src: url(\"http://[::1]:5173/__laravel_vite_plugin__/fonts/6e555d8dc566643f.woff2\") format(\"woff2\");\\n\n unicode-range: U+0000-00FF,U+0131,U+0152-0153,U+02BB-02BC,U+02C6,U+02DA,U+02DC,U+0304,U+0308,U+0329,U+2000-206F,U+20AC,U+2122,U+2191,U+2193,U+2212,U+2215,U+FEFF,U+FFFD;\\n\n}\\n\n\\n\n@font-face {\\n\n font-family: \"Instrument Sans\";\\n\n font-style: normal;\\n\n font-weight: 400;\\n\n font-display: swap;\\n\n src: url(\"http://[::1]:5173/__laravel_vite_plugin__/fonts/66ee972dff3f8000.woff\") format(\"woff\");\\n\n unicode-range: U+0000-00FF,U+0131,U+0152-0153,U+02BB-02BC,U+02C6,U+02DA,U+02DC,U+0304,U+0308,U+0329,U+2000-206F,U+20AC,U+2122,U+2191,U+2193,U+2212,U+2215,U+FEFF,U+FFFD;\\n\n}\\n\n\\n\n@font-face {\\n\n font-family: \"Instrument Sans\";\\n\n font-style: normal;\\n\n font-weight: 400;\\n\n font-display: swap;\\n\n src: url(\"http://[::1]:5173/__laravel_vite_plugin__/fonts/ff15a9471b9be611.woff2\") format(\"woff2\");\\n\n unicode-range: U+0100-02BA,U+02BD-02C5,U+02C7-02CC,U+02CE-02D7,U+02DD-02FF,U+0304,U+0308,U+0329,U+1D00-1DBF,U+1E00-1E9F,U+1EF2-1EFF,U+2020,U+20A0-20AB,U+20AD-20C0,U+2113,U+2C60-2C7F,U+A720-A7FF;\\n\n}\\n\n\\n\n@font-face {\\n\n font-family: \"Instrument Sans\";\\n\n font-style: normal;\\n\n font-weight: 400;\\n\n font-display: swap;\\n\n src: url(\"http://[::1]:5173/__laravel_vite_plugin__/fonts/be8c678754f21acd.woff\") format(\"woff\");\\n\n unicode-range: U+0100-02BA,U+02BD-02C5,U+02C7-02CC,U+02CE-02D7,U+02DD-02FF,U+0304,U+0308,U+0329,U+1D00-1DBF,U+1E00-1E9F,U+1EF2-1EFF,U+2020,U+20A0-20AB,U+20AD-20C0,U+2113,U+2C60-2C7F,U+A720-A7FF;\\n\n}\\n\n\\n\n@font-face {\\n\n font-family: \"Instrument Sans\";\\n\n font-style: normal;\\n\n font-weight: 500;\\n\n font-display: swap;\\n\n src: url(\"http://[::1]:5173/__laravel_vite_plugin__/fonts/deb37de61ccf1311.woff2\") format(\"woff2\");\\n\n unicode-range: U+0000-00FF,U+0131,U+0152-0153,U+02BB-02BC,U+02C6,U+02DA,U+02DC,U+0304,U+0308,U+0329,U+2000-206F,U+20AC,U+2122,U+2191,U+2193,U+2212,U+2215,U+FEFF,U+FFFD;\\n\n}\\n\n\\n\n@font-face {\\n\n font-family: \"Instrument Sans\";\\n\n font-style: normal;\\n\n font-weight: 500;\\n\n font-display: swap;\\n\n src: url(\"http://[::1]:5173/__laravel_vite_plugin__/fonts/446a8cdb5544b965.woff\") format(\"woff\");\\n\n unicode-range: U+0000-00FF,U+0131,U+0152-0153,U+02BB-02BC,U+02C6,U+02DA,U+02DC,U+0304,U+0308,U+0329,U+2000-206F,U+20AC,U+2122,U+2191,U+2193,U+2212,U+2215,U+FEFF,U+FFFD;\\n\n}\\n\n\\n\n@font-face {\\n\n font-family: \"Instrument Sans\";\\n\n font-style: normal;\\n\n font-weight: 500;\\n\n font-display: swap;\\n\n src: url(\"http://[::1]:5173/__laravel_vite_plugin__/fonts/985e05288df292bd.woff2\") format(\"woff2\");\\n\n unicode-range: U+0100-02BA,U+02BD-02C5,U+02C7-02CC,U+02CE-02D7,U+02DD-02FF,U+0304,U+0308,U+0329,U+1D00-1DBF,U+1E00-1E9F,U+1EF2-1EFF,U+2020,U+20A0-20AB,U+20AD-20C0,U+2113,U+2C60-2C7F,U+A720-A7FF;\\n\n}\\n\n\\n\n@font-face {\\n\n font-family: \"Instrument Sans\";\\n\n font-style: normal;\\n\n font-weight: 500;\\n\n font-display: swap;\\n\n src: url(\"http://[::1]:5173/__laravel_vite_plugin__/fonts/751cbdf14cd4d183.woff\") format(\"woff\");\\n\n unicode-range: U+0100-02BA,U+02BD-02C5,U+02C7-02CC,U+02CE-02D7,U+02DD-02FF,U+0304,U+0308,U+0329,U+1D00-1DBF,U+1E00-1E9F,U+1EF2-1EFF,U+2020,U+20A0-20AB,U+20AD-20C0,U+2113,U+2C60-2C7F,U+A720-A7FF;\\n\n}\\n\n\\n\n@font-face {\\n\n font-family: \"Instrument Sans\";\\n\n font-style: normal;\\n\n font-weight: 600;\\n\n font-display: swap;\\n\n src: url(\"http://[::1]:5173/__laravel_vite_plugin__/fonts/c8b2f78776e13cf8.woff2\") format(\"woff2\");\\n\n unicode-range: U+0000-00FF,U+0131,U+0152-0153,U+02BB-02BC,U+02C6,U+02DA,U+02DC,U+0304,U+0308,U+0329,U+2000-206F,U+20AC,U+2122,U+2191,U+2193,U+2212,U+2215,U+FEFF,U+FFFD;\\n\n}\\n\n\\n\n@font-face {\\n\n font-family: \"Instrument Sans\";\\n\n font-style: normal;\\n\n font-weight: 600;\\n\n font-display: swap;\\n\n src: url(\"http://[::1]:5173/__laravel_vite_plugin__/fonts/be2eaf5da0c32648.woff\") format(\"woff\");\\n\n unicode-range: U+0000-00FF,U+0131,U+0152-0153,U+02BB-02BC,U+02C6,U+02DA,U+02DC,U+0304,U+0308,U+0329,U+2000-206F,U+20AC,U+2122,U+2191,U+2193,U+2212,U+2215,U+FEFF,U+FFFD;\\n\n}\\n\n\\n\n@font-face {\\n\n font-family: \"Instrument Sans\";\\n\n font-style: normal;\\n\n font-weight: 600;\\n\n font-display: swap;\\n\n src: url(\"http://[::1]:5173/__laravel_vite_plugin__/fonts/719f96ae39f1b102.woff2\") format(\"woff2\");\\n\n unicode-range: U+0100-02BA,U+02BD-02C5,U+02C7-02CC,U+02CE-02D7,U+02DD-02FF,U+0304,U+0308,U+0329,U+1D00-1DBF,U+1E00-1E9F,U+1EF2-1EFF,U+2020,U+20A0-20AB,U+20AD-20C0,U+2113,U+2C60-2C7F,U+A720-A7FF;\\n\n}\\n\n\\n\n@font-face {\\n\n font-family: \"Instrument Sans\";\\n\n font-style: normal;\\n\n font-weight: 600;\\n\n font-display: swap;\\n\n src: url(\"http://[::1]:5173/__laravel_vite_plugin__/fonts/8ff7e8c25323c4a8.woff\") format(\"woff\");\\n\n unicode-range: U+0100-02BA,U+02BD-02C5,U+02C7-02CC,U+02CE-02D7,U+02DD-02FF,U+0304,U+0308,U+0329,U+1D00-1DBF,U+1E00-1E9F,U+1EF2-1EFF,U+2020,U+20A0-20AB,U+20AD-20C0,U+2113,U+2C60-2C7F,U+A720-A7FF;\\n\n}\\n\n\\n\n:root {\\n\n --font-instrument-sans: \"Instrument Sans\", \"Instrument Sans fallback\";\\n\n}\\n\n\\n\n.font-instrument-sans {\\n\n font-family: var(--font-instrument-sans);\\n\n}\\n\n</style> <script type=\"module\" src=\"http://[::1]:5173/@vite/client\"></script><link rel=\"stylesheet\" href=\"http://[::1]:5173/resources/css/app.css\" /><script type=\"module\" src=\"http://[::1]:5173/resources/js/app.js\"></script> </head>\\n\n <body>\\n\n <main class=\"bb-dashboard-layout\">\\n\n <nav class=\"bb-sidebar\">\\n\n <div class=\"bb-kicker\" style=\"margin-bottom:0\">BrowserBridge</div>\\n\n <div class=\"bb-nav\">\\n\n <a href=\"#overview\" class=\"bb-nav-item active\">\\n\n <span class=\"bb-icon\" style=\"height:24px;width:24px\" aria-hidden=\"true\">\\n\n <svg viewBox=\"0 0 24 24\" fill=\"none\" stroke=\"currentColor\" stroke-width=\"2\"><rect x=\"3\" y=\"3\" width=\"7\" height=\"7\"/><rect x=\"14\" y=\"3\" width=\"7\" height=\"7\"/><rect x=\"14\" y=\"14\" width=\"7\" height=\"7\"/><rect x=\"3\" y=\"14\" width=\"7\" height=\"7\"/></svg>\\n\n </span>\\n\n Overview\\n\n </a>\\n\n <a href=\"#devices\" class=\"bb-nav-item\">\\n\n <span class=\"bb-icon\" style=\"height:24px;width:24px\" aria-hidden=\"true\">\\n\n <svg viewBox=\"0 0 24 24\" fill=\"none\" stroke=\"currentColor\" stroke-width=\"2\"><rect x=\"4\" y=\"4\" width=\"16\" height=\"16\" rx=\"2\" ry=\"2\"/><rect x=\"9\" y=\"9\" width=\"6\" height=\"6\"/></svg>\\n\n </span>\\n\n Devices\\n\n </a>\\n\n <a href=\"#tabs\" class=\"bb-nav-item\">\\n\n <span class=\"bb-icon\" style=\"height:24px;width:24px\" aria-hidden=\"true\">\\n\n <svg viewBox=\"0 0 24 24\" fill=\"none\" stroke=\"currentColor\" stroke-width=\"2\"><rect x=\"3\" y=\"4\" width=\"18\" height=\"14\" rx=\"2\"/><path d=\"M8 20h8\"/></svg>\\n\n </span>\\n\n Tabs\\n\n </a>\\n\n <a href=\"#bookmarks\" class=\"bb-nav-item\">\\n\n <span class=\"bb-icon\" style=\"height:24px;width:24px\" aria-hidden=\"true\">\\n\n <svg viewBox=\"0 0 24 24\" fill=\"none\" stroke=\"currentColor\" stroke-width=\"2\"><path d=\"m19 21-7-4-7 4V5a2 2 0 0 1 2-2h10a2 2 0 0 1 2 2z\"/></svg>\\n\n </span>\\n\n Bookmarks\\n\n </a>\\n\n <a href=\"#history\" class=\"bb-nav-item\">\\n\n <span class=\"bb-icon\" style=\"height:24px;width:24px\" aria-hidden=\"true\">\\n\n <svg viewBox=\"0 0 24 24\" fill=\"none\" stroke=\"currentColor\" stroke-width=\"2\"><path d=\"M3 12a9 9 0 1 0 3-6.7\"/><path d=\"M3 3v6h6\"/><path d=\"M12 7v5l3 2\"/></svg>\\n\n </span>\\n\n History\\n\n </a>\\n\n <a href=\"#activity\" class=\"bb-nav-item\">\\n\n <span class=\"bb-icon\" style=\"height:24px;width:24px\" aria-hidden=\"true\">\\n\n <svg viewBox=\"0 0 24 24\" fill=\"none\" stroke=\"currentColor\" stroke-width=\"2\"><polyline points=\"22 12 18 12 15 21 9 3 6 12 2 12\"/></svg>\\n\n </span>\\n\n Activity\\n\n </a>\\n\n <a href=\"#settings\" class=\"bb-nav-item\">\\n\n <span class=\"bb-icon\" style=\"height:24px;width:24px\" aria-hidden=\"true\">\\n\n <svg viewBox=\"0 0 24 24\" fill=\"none\" stroke=\"currentColor\" stroke-width=\"2\"><path d=\"M12 20h9\"/><path d=\"M16.5 3.5a2.1 2.1 0 0 1 3 3L7 19l-4 1 1-4Z\"/></svg>\\n\n </span>\\n\n Settings\\n\n </a>\\n\n </div>\\n\n </nav>\\n\n\\n\n <div class=\"bb-content\">\\n\n <header class=\"bb-header\" id=\"overview\">\\n\n <div>\\n\n <h1 class=\"bb-title\">BrowserBridge</h1>\\n\n <p class=\"bb-copy\">Your private bridge between browsers.</p>\\n\n <div class=\"bb-row\" style=\"margin-top: 16px;\">\\n\n <a href=\"#tabs\" class=\"bb-button\">\\n\n <svg viewBox=\"0 0 24 24\" fill=\"none\" stroke=\"currentColor\" stroke-width=\"2\" style=\"width:16px;height:16px\"><path d=\"m22 2-7 20-4-9-9-4Z\"/><path d=\"M22 2 11 13\"/></svg>\\n\n Send a tab\\n\n </a>\\n\n <a href=\"#bookmarks\" class=\"bb-button bb-button-secondary\">Set up bookmark sync</a>\\n\n </div>\\n\n </div>\\n\n <span class=\"bb-badge bb-badge-accent\">\\n\n <span class=\"bb-icon\" aria-hidden=\"true\">\\n\n <svg viewBox=\"0 0 24 24\" fill=\"none\" stroke=\"currentColor\" stroke-width=\"2\"><polyline points=\"20 6 9 17 4 12\"/></svg>\\n\n </span>\\n\n Local server running\\n\n </span>\\n\n </header>\\n\n\\n\n \\n\n <section class=\"bb-grid bb-grid-5\" aria-label=\"Storage summary\">\\n\n <article class=\"bb-stat\">\\n\n <div class=\"bb-stat-top\">\\n\n <span class=\"bb-icon\" aria-hidden=\"true\">\\n\n <svg viewBox=\"0 0 24 24\" fill=\"none\" stroke=\"currentColor\" stroke-width=\"2\"><rect x=\"6\" y=\"4\" width=\"12\" height=\"16\" rx=\"2\"/><path d=\"M10 8h4M10 16h4\"/></svg>\\n\n </span>\\n\n <p class=\"bb-stat-label\">Devices</p>\\n\n </div>\\n\n <p class=\"bb-stat-value\">1</p>\\n\n </article>\\n\n <article class=\"bb-stat\">\\n\n <div class=\"bb-stat-top\">\\n\n <span class=\"bb-icon\" aria-hidden=\"true\">\\n\n <svg viewBox=\"0 0 24 24\" fill=\"none\" stroke=\"currentColor\" stroke-width=\"2\"><path d=\"m19 21-7-4-7 4V5a2 2 0 0 1 2-2h10a2 2 0 0 1 2 2z\"/></svg>\\n\n </span>\\n\n <p class=\"bb-stat-label\">Bookmarks</p>\\n\n </div>\\n\n <p class=\"bb-stat-value\">1</p>\\n\n <p class=\"bb-stat-meta\">0 snapshots</p>\\n\n </article>\\n\n <article class=\"bb-stat\">\\n\n <div class=\"bb-stat-top\">\\n\n <span class=\"bb-icon\" aria-hidden=\"true\">\\n\n <svg viewBox=\"0 0 24 24\" fill=\"none\" stroke=\"currentColor\" stroke-width=\"2\"><rect x=\"3\" y=\"4\" width=\"18\" height=\"14\" rx=\"2\"/><path d=\"M8 20h8\"/></svg>\\n\n </span>\\n\n <p class=\"bb-stat-label\">Open tabs</p>\\n\n </div>\\n\n <p class=\"bb-stat-value\">0</p>\\n\n <p class=\"bb-stat-meta\">0 snapshots</p>\\n\n </article>\\n\n <article class=\"bb-stat\">\\n\n <div class=\"bb-stat-top\">\\n\n <span class=\"bb-icon\" aria-hidden=\"true\">\\n\n <svg viewBox=\"0 0 24 24\" fill=\"none\" stroke=\"currentColor\" stroke-width=\"2\"><path d=\"M3 12a9 9 0 1 0 3-6.7\"/><path d=\"M3 3v6h6\"/><path d=\"M12 7v5l3 2\"/></svg>\\n\n </span>\\n\n <p class=\"bb-stat-label\">History items</p>\\n\n </div>\\n\n <p class=\"bb-stat-value\">0</p>\\n\n </article>\\n\n <article class=\"bb-stat\">\\n\n <div class=\"bb-stat-top\">\\n\n <span class=\"bb-icon\" aria-hidden=\"true\">\\n\n <svg viewBox=\"0 0 24 24\" fill=\"none\" stroke=\"currentColor\" stroke-width=\"2\"><path d=\"m22 2-7 20-4-9-9-4Z\"/><path d=\"M22 2 11 13\"/></svg>\\n\n </span>\\n\n <p class=\"bb-stat-label\">Tab commands</p>\\n\n </div>\\n\n <p class=\"bb-stat-value\">0</p>\\n\n <p class=\"bb-stat-meta\">0 total</p>\\n\n </article>\\n\n </section>\\n\n\\n\n <section id=\"devices\">\\n\n <div class=\"bb-section-head\" style=\"margin-bottom: 16px;\">\\n\n <div>\\n\n <h2 class=\"bb-section-title\" style=\"font-size: 20px;\">Connected devices</h2>\\n\n <p class=\"bb-section-copy\">Browsers connected to this BrowserBridge server.</p>\\n\n </div>\\n\n <div class=\"bb-row\" style=\"gap: 8px;\">\\n\n <a href=\"https://browserbridge.test/dashboard?status=active#devices\" class=\"bb-button bb-button-accent\">Active</a>\\n\n <a href=\"https://browserbridge.test/dashboard?status=disconnected#devices\" class=\"bb-button bb-button-secondary\">Disconnected</a>\\n\n <a href=\"https://browserbridge.test/dashboard?status=all#devices\" class=\"bb-button bb-button-secondary\">All</a>\\n\n </div>\\n\n </div>\\n\n\\n\n <div class=\"bb-grid bb-grid-2\">\\n\n <div class=\"bb-device-card\">\\n\n <div class=\"bb-device-card-header\">\\n\n <div>\\n\n <h3 class=\"bb-device-card-title\">Chrome Mac</h3>\\n\n <div class=\"bb-row\" style=\"gap: 6px; margin-top: 8px;\">\\n\n <span class=\"bb-badge\" style=\"background:var(--bb-surface-muted)\">chrome</span>\\n\n <span class=\"bb-badge\" style=\"background:var(--bb-surface-muted)\">macos</span>\\n\n </div>\\n\n </div>\\n\n <span class=\"bb-badge bb-badge-accent\">\\n\n 0 seconds ago\\n\n </span>\\n\n </div>\\n\n \\n\n <div style=\"margin-top: 4px;\">\\n\n <span class=\"bb-item-title\" style=\"color:var(--bb-accent-strong)\">Full sync available</span>\\n\n <div class=\"bb-item-meta\">Tabs, bookmarks and history can sync.</div>\\n\n </div>\\n\n\\n\n <div class=\"bb-grid bb-grid-2\" style=\"gap:12px; margin-top:8px;\">\\n\n <div>\\n\n <div class=\"bb-item-title\">0 open tabs</div>\\n\n <div class=\"bb-item-meta\">Pending: 0</div>\\n\n </div>\\n\n <div>\\n\n <div class=\"bb-item-title\">1 bookmarks</div>\\n\n <div class=\"bb-item-meta\">0 history items</div>\\n\n </div>\\n\n </div>\\n\n\\n\n <details class=\"bb-details\">\\n\n <summary class=\"bb-details-summary\">\\n\n <span class=\"bb-icon\" style=\"height:20px;width:20px;background:none;border:none\">\\n\n <svg viewBox=\"0 0 24 24\" fill=\"none\" stroke=\"currentColor\" stroke-width=\"2\"><circle cx=\"12\" cy=\"12\" r=\"10\"/><path d=\"M12 16v-4\"/><path d=\"M12 8h.01\"/></svg>\\n\n </span>\\n\n Advanced details\\n\n </summary>\\n\n <div class=\"bb-details-content bb-stack\" style=\"padding-bottom:14px; gap:12px;\">\\n\n <div>\\n\n <div class=\"bb-item-title\">Device ID</div>\\n\n <div class=\"bb-mono\" style=\"margin-top:4px\">ec91dfef-2259-3cd1-a64b-8f25641b0b57</div>\\n\n </div>\\n\n <div>\\n\n <div class=\"bb-item-title\">Capabilities</div>\\n\n <div class=\"bb-list\" style=\"padding: 8px 0 0; gap: 6px;\">\\n\n <div class=\"bb-row\">\\n\n <span class=\"bb-item-meta\">Can sync native bookmarks</span>\\n\n <span class=\"bb-badge bb-badge-accent\">Available</span>\\n\n </div>\\n\n <div class=\"bb-row\">\\n\n <span class=\"bb-item-meta\">Can sync native history</span>\\n\n <span class=\"bb-badge bb-badge-accent\">Available</span>\\n\n </div>\\n\n <div class=\"bb-row\">\\n\n <span class=\"bb-item-meta\">Can send tabs</span>\\n\n <span class=\"bb-badge bb-badge-accent\">Available</span>\\n\n </div>\\n\n <div class=\"bb-row\">\\n\n <span class=\"bb-item-meta\">Can receive tabs</span>\\n\n <span class=\"bb-badge bb-badge-accent\">Available</span>\\n\n </div>\\n\n </div>\\n\n </div>\\n\n <div class=\"bb-row\" style=\"margin-top:8px;\">\\n\n <form method=\"POST\" action=\"https://browserbridge.test/dashboard/devices/1\" onsubmit=\"return confirm('Disconnect this device? It will disappear from active devices and pending tab commands will be cancelled. Existing synced data will be kept.');\">\\n\n <input type=\"hidden\" name=\"_token\" value=\"v6HTloPQIy5a6ZvTBSGnrtfisiXkyT3xTcY3UIea\" autocomplete=\"off\"> <input type=\"hidden\" name=\"_method\" value=\"DELETE\"> <button type=\"submit\" class=\"bb-button bb-button-danger\" style=\"min-height:30px;font-size:12px;padding:4px 8px;\">Disconnect</button>\\n\n </form>\\n\n </div>\\n\n\\n\n <div style=\"margin-top: 16px; padding-top: 16px; border-top: 1px solid var(--bb-border);\">\\n\n <h4 class=\"bb-item-title\" style=\"color:var(--bb-warning-text)\">Purge device data</h4>\\n\n <p class=\"bb-item-meta\" style=\"margin-top:4px;\">This permanently deletes this device and its related BrowserBridge data. This cannot be undone.</p>\\n\n \\n\n <div class=\"bb-list\" style=\"margin-top:8px; padding:8px 0; gap:4px; font-size:11px;\">\\n\n <div>\u2022 1 bookmarks</div>\\n\n <div>\u2022 0 history items</div>\\n\n <div>\u2022 0 tab snapshots</div>\\n\n <div>\u2022 0 tab commands</div>\\n\n <div>\u2022 0 sync profiles</div>\\n\n </div>\\n\n\\n\n <form method=\"POST\" action=\"https://browserbridge.test/dashboard/devices/1/purge\" style=\"margin-top:12px; display:flex; flex-direction:column; gap:8px;\">\\n\n <input type=\"hidden\" name=\"_token\" value=\"v6HTloPQIy5a6ZvTBSGnrtfisiXkyT3xTcY3UIea\" autocomplete=\"off\"> <input type=\"hidden\" name=\"_method\" value=\"DELETE\"> <input type=\"text\" name=\"confirmation_text\" placeholder=\"Type DELETE DEVICE DATA\" required style=\"font-size:12px; padding:6px 8px; border:1px solid var(--bb-border); border-radius:6px; background:var(--bb-surface); color:var(--bb-text);\">\\n\n <button type=\"submit\" class=\"bb-button\" style=\"background:var(--bb-warning-text); color:white; min-height:30px; font-size:12px; padding:4px 8px; justify-content:center;\">Purge Permanently</button>\\n\n </form>\\n\n </div>\\n\n </div>\\n\n </details>\\n\n </div>\\n\n </div>\\n\n </section>\\n\n\\n\n <section id=\"activity\" class=\"bb-card\" style=\"margin-bottom: 24px;\">\\n\n <div class=\"bb-section-head\">\\n\n <div>\\n\n <h2 class=\"bb-section-title\">Bookmark Sync</h2>\\n\n <p class=\"bb-section-copy\">Profiles for Safe Folder Import, Merge, and guarded Mirror runs.</p>\\n\n </div>\\n\n <span class=\"bb-badge bb-badge-accent\">0 profiles</span>\\n\n </div>\\n\n\\n\n <div class=\"bb-empty\">\\n\n No bookmark sync profiles yet. Create one from the Chrome extension options to preview and run imports.\\n\n </div>\\n\n \\n\n <div class=\"bb-section-head bb-card-pad\">\\n\n <div>\\n\n <h3 class=\"bb-section-title\">Recent bookmark sync runs</h3>\\n\n <p class=\"bb-section-copy\">Run history keeps previews, counts, errors, and operation logs auditable.</p>\\n\n </div>\\n\n <span class=\"bb-badge\">0 total</span>\\n\n </div>\\n\n\\n\n <div class=\"bb-empty\">No bookmark sync runs recorded yet.</div>\\n\n </section>\\n\n\\n\n <section id=\"tabs\">\\n\n <div style=\"margin-bottom: 16px;\">\\n\n <h2 class=\"bb-section-title\" style=\"font-size: 20px;\">Tabs</h2>\\n\n <p class=\"bb-section-copy\">Continue anywhere with your recent open and sent tabs.</p>\\n\n </div>\\n\n\\n\n <div class=\"bb-hero-card\" style=\"margin-bottom: 24px;\">\\n\n <h3 class=\"bb-section-title\" style=\"color:var(--bb-accent-strong)\">Recent tab handoffs</h3>\\n\n \\n\n <div class=\"bb-empty\" style=\"margin-top: 16px;\">No tabs sent recently.</div>\\n\n </div>\\n\n\\n\n <h3 class=\"bb-section-title\" style=\"margin-bottom: 16px;\">Open tabs by device</h3>\\n\n <div class=\"bb-card bb-empty\">No device tab snapshots yet.</div>\\n\n </section>\\n\n\\n\n <div class=\"bb-two-column\">\\n\n <section\\n\n id=\"bookmarks\"\\n\n class=\"bb-card\"\\n\n data-dashboard-browser\\n\n data-kind=\"bookmarks\"\\n\n data-endpoint=\"https://browserbridge.test/dashboard/bookmarks\"\\n\n data-limit=\"12\"\\n\n >\\n\n <div class=\"bb-section-head\" style=\"margin-bottom: 8px;\">\\n\n <div>\\n\n <h2 class=\"bb-section-title\">Bookmarks</h2>\\n\n <p class=\"bb-section-copy\">Latest 12 by default.</p>\\n\n </div>\\n\n <span class=\"bb-badge\" data-result-count>1 total</span>\\n\n </div>\\n\n <div class=\"bb-card-pad\" style=\"padding-top: 0;\">\\n\n <input data-search-input type=\"search\" class=\"bb-input\" placeholder=\"Search bookmarks..\">\\n\n </div>\\n\n <div data-loading class=\"bb-empty hidden\">Loading bookmarks..</div>\\n\n <div data-error class=\"bb-empty hidden\">Could not load bookmarks.</div>\\n\n <div data-empty class=\"hidden bb-empty\">No BrowserBridge bookmarks found.</div>\\n\n <div data-results class=\"bb-list\">\\n\n <div data-result-group>\\n\n <h3 class=\"bb-section-title\" style=\"margin-bottom: 8px;\">Chrome Mac</h3>\\n\n <div class=\"bb-list\">\\n\n <a href=\"https://example.com/dashboard-bookmark\" class=\"bb-list-item\" target=\"_blank\" rel=\"noreferrer\" style=\"display:flex; align-items:center; gap:12px; padding:8px; border-radius:var(--bb-radius-sm);\">\\n\n <div class=\"bb-favicon-fallback\">E</div>\\n\n <div style=\"min-width:0; flex:1;\">\\n\n <div class=\"bb-item-title\" style=\"overflow:hidden; text-overflow:ellipsis; white-space:nowrap;\">BrowserBridge Dashboard Bookmark</div>\\n\n <div class=\"bb-item-meta\" style=\"overflow:hidden; text-overflow:ellipsis; white-space:nowrap;\">\\n\n Bookmarks Bar / BrowserBridge &middot;\\n\n https://example.com/dashboard-bookmark\\n\n </div>\\n\n </div>\\n\n </a>\\n\n </div>\\n\n </div>\\n\n </div>\\n\n <div class=\"bb-card-pad\">\\n\n <button data-load-more type=\"button\" class=\"hidden bb-button bb-button-secondary\">Show more</button>\\n\n </div>\\n\n </section>\\n\n\\n\n <section\\n\n id=\"history\"\\n\n class=\"bb-card\"\\n\n data-dashboard-browser\\n\n data-kind=\"history\"\\n\n data-endpoint=\"https://browserbridge.test/dashboard/history\"\\n\n data-limit=\"10\"\\n\n >\\n\n <div class=\"bb-section-head\" style=\"margin-bottom: 8px;\">\\n\n <div>\\n\n <h2 class=\"bb-section-title\">History</h2>\\n\n <p class=\"bb-section-copy\">Recent 10 by default.</p>\\n\n </div>\\n\n <span class=\"bb-badge\" data-result-count>0 total</span>\\n\n </div>\\n\n <div class=\"bb-card-pad\" style=\"padding-top: 0;\">\\n\n <input data-search-input type=\"search\" class=\"bb-input\" placeholder=\"Search history..\">\\n\n </div>\\n\n <div data-loading class=\"bb-empty hidden\">Loading history..</div>\\n\n <div data-error class=\"bb-empty hidden\">Could not load history.</div>\\n\n <div data-empty class=\" bb-empty\">No BrowserBridge history found.</div>\\n\n <div data-results class=\"bb-list\">\\n\n </div>\\n\n <div class=\"bb-card-pad\">\\n\n <button data-load-more type=\"button\" class=\"hidden bb-button bb-button-secondary\">Show more</button>\\n\n </div>\\n\n </section>\\n\n </div>\\n\n\\n\n <section id=\"settings\" class=\"bb-card bb-danger-zone\" style=\"margin-top: 40px;\">\\n\n <div class=\"bb-section-head\">\\n\n <div>\\n\n <h2 class=\"bb-section-title\">Privacy controls & Settings</h2>\\n\n <p class=\"bb-section-copy\">\\n\n Synced history is retained for 14 days by default and is only a BrowserBridge shared view.\\n\n </p>\\n\n </div>\\n\n <form method=\"POST\" action=\"https://browserbridge.test/dashboard/history\" onsubmit=\"return confirm('Delete all synced BrowserBridge history?');\">\\n\n <input type=\"hidden\" name=\"_token\" value=\"v6HTloPQIy5a6ZvTBSGnrtfisiXkyT3xTcY3UIea\" autocomplete=\"off\"> <input type=\"hidden\" name=\"_method\" value=\"DELETE\"> <button type=\"submit\" class=\"bb-button bb-button-danger\">Delete synced history</button>\\n\n </form>\\n\n </div>\\n\n </section>\\n\n </div>\\n\n </main>\\n\n </body>\\n\n</html>\\n\n' [UTF-8](length: 30977) contains \"BrowserBridge Bookmarks\" [ASCII](length: 23)."},{"test":"P\\Tests\\Feature\\BrowserBridgeApiTest::__pest_evaluable_it_limits_dashboard_bookmarks_by_default_and_exposes_searchable_JSON_slices","file":"/Users/jakub/Webdev/projekty-prywatne/browser-bridge/vendor/laravel/framework/src/Illuminate/Testing/TestResponseAssert.php","line":45,"message":"Failed asserting that '<!DOCTYPE html>\\n\n<html lang=\"en\">\\n\n <head>\\n\n <meta charset=\"utf-8\">\\n\n <meta name=\"viewport\" content=\"width=device-width, initial-scale=1\">\\n\n <title>BrowserBridge Dashboard</title>\\n\n <link rel=\"preload\" as=\"font\" href=\"http://[::1]:5173/__laravel_vite_plugin__/fonts/6e555d8dc566643f.woff2\" type=\"font/woff2\" crossorigin=\"anonymous\" />\\n\n<link rel=\"preload\" as=\"font\" href=\"http://[::1]:5173/__laravel_vite_plugin__/fonts/ff15a9471b9be611.woff2\" type=\"font/woff2\" crossorigin=\"anonymous\" />\\n\n<link rel=\"preload\" as=\"font\" href=\"http://[::1]:5173/__laravel_vite_plugin__/fonts/deb37de61ccf1311.woff2\" type=\"font/woff2\" crossorigin=\"anonymous\" />\\n\n<link rel=\"preload\" as=\"font\" href=\"http://[::1]:5173/__laravel_vite_plugin__/fonts/985e05288df292bd.woff2\" type=\"font/woff2\" crossorigin=\"anonymous\" />\\n\n<link rel=\"preload\" as=\"font\" href=\"http://[::1]:5173/__laravel_vite_plugin__/fonts/c8b2f78776e13cf8.woff2\" type=\"font/woff2\" crossorigin=\"anonymous\" />\\n\n<link rel=\"preload\" as=\"font\" href=\"http://[::1]:5173/__laravel_vite_plugin__/fonts/719f96ae39f1b102.woff2\" type=\"font/woff2\" crossorigin=\"anonymous\" />\\n\n<style>\\n\n@font-face {\\n\n font-family: \"Instrument Sans\";\\n\n font-style: normal;\\n\n font-weight: 400;\\n\n font-display: swap;\\n\n src: url(\"http://[::1]:5173/__laravel_vite_plugin__/fonts/6e555d8dc566643f.woff2\") format(\"woff2\");\\n\n unicode-range: U+0000-00FF,U+0131,U+0152-0153,U+02BB-02BC,U+02C6,U+02DA,U+02DC,U+0304,U+0308,U+0329,U+2000-206F,U+20AC,U+2122,U+2191,U+2193,U+2212,U+2215,U+FEFF,U+FFFD;\\n\n}\\n\n\\n\n@font-face {\\n\n font-family: \"Instrument Sans\";\\n\n font-style: normal;\\n\n font-weight: 400;\\n\n font-display: swap;\\n\n src: url(\"http://[::1]:5173/__laravel_vite_plugin__/fonts/66ee972dff3f8000.woff\") format(\"woff\");\\n\n unicode-range: U+0000-00FF,U+0131,U+0152-0153,U+02BB-02BC,U+02C6,U+02DA,U+02DC,U+0304,U+0308,U+0329,U+2000-206F,U+20AC,U+2122,U+2191,U+2193,U+2212,U+2215,U+FEFF,U+FFFD;\\n\n}\\n\n\\n\n@font-face {\\n\n font-family: \"Instrument Sans\";\\n\n font-style: normal;\\n\n font-weight: 400;\\n\n font-display: swap;\\n\n src: url(\"http://[::1]:5173/__laravel_vite_plugin__/fonts/ff15a9471b9be611.woff2\") format(\"woff2\");\\n\n unicode-range: U+0100-02BA,U+02BD-02C5,U+02C7-02CC,U+02CE-02D7,U+02DD-02FF,U+0304,U+0308,U+0329,U+1D00-1DBF,U+1E00-1E9F,U+1EF2-1EFF,U+2020,U+20A0-20AB,U+20AD-20C0,U+2113,U+2C60-2C7F,U+A720-A7FF;\\n\n}\\n\n\\n\n@font-face {\\n\n font-family: \"Instrument Sans\";\\n\n font-style: normal;\\n\n font-weight: 400;\\n\n font-display: swap;\\n\n src: url(\"http://[::1]:5173/__laravel_vite_plugin__/fonts/be8c678754f21acd.woff\") format(\"woff\");\\n\n unicode-range: U+0100-02BA,U+02BD-02C5,U+02C7-02CC,U+02CE-02D7,U+02DD-02FF,U+0304,U+0308,U+0329,U+1D00-1DBF,U+1E00-1E9F,U+1EF2-1EFF,U+2020,U+20A0-20AB,U+20AD-20C0,U+2113,U+2C60-2C7F,U+A720-A7FF;\\n\n}\\n\n\\n\n@font-face {\\n\n font-family: \"Instrument Sans\";\\n\n font-style: normal;\\n\n font-weight: 500;\\n\n font-display: swap;\\n\n src: url(\"http://[::1]:5173/__laravel_vite_plugin__/fonts/deb37de61ccf1311.woff2\") format(\"woff2\");\\n\n unicode-range: U+0000-00FF,U+0131,U+0152-0153,U+02BB-02BC,U+02C6,U+02DA,U+02DC,U+0304,U+0308,U+0329,U+2000-206F,U+20AC,U+2122,U+2191,U+2193,U+2212,U+2215,U+FEFF,U+FFFD;\\n\n}\\n\n\\n\n@font-face {\\n\n font-family: \"Instrument Sans\";\\n\n font-style: normal;\\n\n font-weight: 500;\\n\n font-display: swap;\\n\n src: url(\"http://[::1]:5173/__laravel_vite_plugin__/fonts/446a8cdb5544b965.woff\") format(\"woff\");\\n\n unicode-range: U+0000-00FF,U+0131,U+0152-0153,U+02BB-02BC,U+02C6,U+02DA,U+02DC,U+0304,U+0308,U+0329,U+2000-206F,U+20AC,U+2122,U+2191,U+2193,U+2212,U+2215,U+FEFF,U+FFFD;\\n\n}\\n\n\\n\n@font-face {\\n\n font-family: \"Instrument Sans\";\\n\n font-style: normal;\\n\n font-weight: 500;\\n\n font-display: swap;\\n\n src: url(\"http://[::1]:5173/__laravel_vite_plugin__/fonts/985e05288df292bd.woff2\") format(\"woff2\");\\n\n unicode-range: U+0100-02BA,U+02BD-02C5,U+02C7-02CC,U+02CE-02D7,U+02DD-02FF,U+0304,U+0308,U+0329,U+1D00-1DBF,U+1E00-1E9F,U+1EF2-1EFF,U+2020,U+20A0-20AB,U+20AD-20C0,U+2113,U+2C60-2C7F,U+A720-A7FF;\\n\n}\\n\n\\n\n@font-face {\\n\n font-family: \"Instrument Sans\";\\n\n font-style: normal;\\n\n font-weight: 500;\\n\n font-display: swap;\\n\n src: url(\"http://[::1]:5173/__laravel_vite_plugin__/fonts/751cbdf14cd4d183.woff\") format(\"woff\");\\n\n unicode-range: U+0100-02BA,U+02BD-02C5,U+02C7-02CC,U+02CE-02D7,U+02DD-02FF,U+0304,U+0308,U+0329,U+1D00-1DBF,U+1E00-1E9F,U+1EF2-1EFF,U+2020,U+20A0-20AB,U+20AD-20C0,U+2113,U+2C60-2C7F,U+A720-A7FF;\\n\n}\\n\n\\n\n@font-face {\\n\n font-family: \"Instrument Sans\";\\n\n font-style: normal;\\n\n font-weight: 600;\\n\n font-display: swap;\\n\n src: url(\"http://[::1]:5173/__laravel_vite_plugin__/fonts/c8b2f78776e13cf8.woff2\") format(\"woff2\");\\n\n unicode-range: U+0000-00FF,U+0131,U+0152-0153,U+02BB-02BC,U+02C6,U+02DA,U+02DC,U+0304,U+0308,U+0329,U+2000-206F,U+20AC,U+2122,U+2191,U+2193,U+2212,U+2215,U+FEFF,U+FFFD;\\n\n}\\n\n\\n\n@font-face {\\n\n font-family: \"Instrument Sans\";\\n\n font-style: normal;\\n\n font-weight: 600;\\n\n font-display: swap;\\n\n src: url(\"http://[::1]:5173/__laravel_vite_plugin__/fonts/be2eaf5da0c32648.woff\") format(\"woff\");\\n\n unicode-range: U+0000-00FF,U+0131,U+0152-0153,U+02BB-02BC,U+02C6,U+02DA,U+02DC,U+0304,U+0308,U+0329,U+2000-206F,U+20AC,U+2122,U+2191,U+2193,U+2212,U+2215,U+FEFF,U+FFFD;\\n\n}\\n\n\\n\n@font-face {\\n\n font-family: \"Instrument Sans\";\\n\n font-style: normal;\\n\n font-weight: 600;\\n\n font-display: swap;\\n\n src: url(\"http://[::1]:5173/__laravel_vite_plugin__/fonts/719f96ae39f1b102.woff2\") format(\"woff2\");\\n\n unicode-range: U+0100-02BA,U+02BD-02C5,U+02C7-02CC,U+02CE-02D7,U+02DD-02FF,U+0304,U+0308,U+0329,U+1D00-1DBF,U+1E00-1E9F,U+1EF2-1EFF,U+2020,U+20A0-20AB,U+20AD-20C0,U+2113,U+2C60-2C7F,U+A720-A7FF;\\n\n}\\n\n\\n\n@font-face {\\n\n font-family: \"Instrument Sans\";\\n\n font-style: normal;\\n\n font-weight: 600;\\n\n font-display: swap;\\n\n src: url(\"http://[::1]:5173/__laravel_vite_plugin__/fonts/8ff7e8c25323c4a8.woff\") format(\"woff\");\\n\n unicode-range: U+0100-02BA,U+02BD-02C5,U+02C7-02CC,U+02CE-02D7,U+02DD-02FF,U+0304,U+0308,U+0329,U+1D00-1DBF,U+1E00-1E9F,U+1EF2-1EFF,U+2020,U+20A0-20AB,U+20AD-20C0,U+2113,U+2C60-2C7F,U+A720-A7FF;\\n\n}\\n\n\\n\n:root {\\n\n --font-instrument-sans: \"Instrument Sans\", \"Instrument Sans fallback\";\\n\n}\\n\n\\n\n.font-instrument-sans {\\n\n font-family: var(--font-instrument-sans);\\n\n}\\n\n</style> <script type=\"module\" src=\"http://[::1]:5173/@vite/client\"></script><link rel=\"stylesheet\" href=\"http://[::1]:5173/resources/css/app.css\" /><script type=\"module\" src=\"http://[::1]:5173/resources/js/app.js\"></script> </head>\\n\n <body>\\n\n <main class=\"bb-dashboard-layout\">\\n\n <nav class=\"bb-sidebar\">\\n\n <div class=\"bb-kicker\" style=\"margin-bottom:0\">BrowserBridge</div>\\n\n <div class=\"bb-nav\">\\n\n <a href=\"#overview\" class=\"bb-nav-item active\">\\n\n <span class=\"bb-icon\" style=\"height:24px;width:24px\" aria-hidden=\"true\">\\n\n <svg viewBox=\"0 0 24 24\" fill=\"none\" stroke=\"currentColor\" stroke-width=\"2\"><rect x=\"3\" y=\"3\" width=\"7\" height=\"7\"/><rect x=\"14\" y=\"3\" width=\"7\" height=\"7\"/><rect x=\"14\" y=\"14\" width=\"7\" height=\"7\"/><rect x=\"3\" y=\"14\" width=\"7\" height=\"7\"/></svg>\\n\n </span>\\n\n Overview\\n\n </a>\\n\n <a href=\"#devices\" class=\"bb-nav-item\">\\n\n <span class=\"bb-icon\" style=\"height:24px;width:24px\" aria-hidden=\"true\">\\n\n <svg viewBox=\"0 0 24 24\" fill=\"none\" stroke=\"currentColor\" stroke-width=\"2\"><rect x=\"4\" y=\"4\" width=\"16\" height=\"16\" rx=\"2\" ry=\"2\"/><rect x=\"9\" y=\"9\" width=\"6\" height=\"6\"/></svg>\\n\n </span>\\n\n Devices\\n\n </a>\\n\n <a href=\"#tabs\" class=\"bb-nav-item\">\\n\n <span class=\"bb-icon\" style=\"height:24px;width:24px\" aria-hidden=\"true\">\\n\n <svg viewBox=\"0 0 24 24\" fill=\"none\" stroke=\"currentColor\" stroke-width=\"2\"><rect x=\"3\" y=\"4\" width=\"18\" height=\"14\" rx=\"2\"/><path d=\"M8 20h8\"/></svg>\\n\n </span>\\n\n Tabs\\n\n </a>\\n\n <a href=\"#bookmarks\" class=\"bb-nav-item\">\\n\n <span class=\"bb-icon\" style=\"height:24px;width:24px\" aria-hidden=\"true\">\\n\n <svg viewBox=\"0 0 24 24\" fill=\"none\" stroke=\"currentColor\" stroke-width=\"2\"><path d=\"m19 21-7-4-7 4V5a2 2 0 0 1 2-2h10a2 2 0 0 1 2 2z\"/></svg>\\n\n </span>\\n\n Bookmarks\\n\n </a>\\n\n <a href=\"#history\" class=\"bb-nav-item\">\\n\n <span class=\"bb-icon\" style=\"height:24px;width:24px\" aria-hidden=\"true\">\\n\n <svg viewBox=\"0 0 24 24\" fill=\"none\" stroke=\"currentColor\" stroke-width=\"2\"><path d=\"M3 12a9 9 0 1 0 3-6.7\"/><path d=\"M3 3v6h6\"/><path d=\"M12 7v5l3 2\"/></svg>\\n\n </span>\\n\n History\\n\n </a>\\n\n <a href=\"#activity\" class=\"bb-nav-item\">\\n\n <span class=\"bb-icon\" style=\"height:24px;width:24px\" aria-hidden=\"true\">\\n\n <svg viewBox=\"0 0 24 24\" fill=\"none\" stroke=\"currentColor\" stroke-width=\"2\"><polyline points=\"22 12 18 12 15 21 9 3 6 12 2 12\"/></svg>\\n\n </span>\\n\n Activity\\n\n </a>\\n\n <a href=\"#settings\" class=\"bb-nav-item\">\\n\n <span class=\"bb-icon\" style=\"height:24px;width:24px\" aria-hidden=\"true\">\\n\n <svg viewBox=\"0 0 24 24\" fill=\"none\" stroke=\"currentColor\" stroke-width=\"2\"><path d=\"M12 20h9\"/><path d=\"M16.5 3.5a2.1 2.1 0 0 1 3 3L7 19l-4 1 1-4Z\"/></svg>\\n\n </span>\\n\n Settings\\n\n </a>\\n\n </div>\\n\n </nav>\\n\n\\n\n <div class=\"bb-content\">\\n\n <header class=\"bb-header\" id=\"overview\">\\n\n <div>\\n\n <h1 class=\"bb-title\">BrowserBridge</h1>\\n\n <p class=\"bb-copy\">Your private bridge between browsers.</p>\\n\n <div class=\"bb-row\" style=\"margin-top: 16px;\">\\n\n <a href=\"#tabs\" class=\"bb-button\">\\n\n <svg viewBox=\"0 0 24 24\" fill=\"none\" stroke=\"currentColor\" stroke-width=\"2\" style=\"width:16px;height:16px\"><path d=\"m22 2-7 20-4-9-9-4Z\"/><path d=\"M22 2 11 13\"/></svg>\\n\n Send a tab\\n\n </a>\\n\n <a href=\"#bookmarks\" class=\"bb-button bb-button-secondary\">Set up bookmark sync</a>\\n\n </div>\\n\n </div>\\n\n <span class=\"bb-badge bb-badge-accent\">\\n\n <span class=\"bb-icon\" aria-hidden=\"true\">\\n\n <svg viewBox=\"0 0 24 24\" fill=\"none\" stroke=\"currentColor\" stroke-width=\"2\"><polyline points=\"20 6 9 17 4 12\"/></svg>\\n\n </span>\\n\n Local server running\\n\n </span>\\n\n </header>\\n\n\\n\n \\n\n <section class=\"bb-grid bb-grid-5\" aria-label=\"Storage summary\">\\n\n <article class=\"bb-stat\">\\n\n <div class=\"bb-stat-top\">\\n\n <span class=\"bb-icon\" aria-hidden=\"true\">\\n\n <svg viewBox=\"0 0 24 24\" fill=\"none\" stroke=\"currentColor\" stroke-width=\"2\"><rect x=\"6\" y=\"4\" width=\"12\" height=\"16\" rx=\"2\"/><path d=\"M10 8h4M10 16h4\"/></svg>\\n\n </span>\\n\n <p class=\"bb-stat-label\">Devices</p>\\n\n </div>\\n\n <p class=\"bb-stat-value\">1</p>\\n\n </article>\\n\n <article class=\"bb-stat\">\\n\n <div class=\"bb-stat-top\">\\n\n <span class=\"bb-icon\" aria-hidden=\"true\">\\n\n <svg viewBox=\"0 0 24 24\" fill=\"none\" stroke=\"currentColor\" stroke-width=\"2\"><path d=\"m19 21-7-4-7 4V5a2 2 0 0 1 2-2h10a2 2 0 0 1 2 2z\"/></svg>\\n\n </span>\\n\n <p class=\"bb-stat-label\">Bookmarks</p>\\n\n </div>\\n\n <p class=\"bb-stat-value\">13</p>\\n\n <p class=\"bb-stat-meta\">0 snapshots</p>\\n\n </article>\\n\n <article class=\"bb-stat\">\\n\n <div class=\"bb-stat-top\">\\n\n <span class=\"bb-icon\" aria-hidden=\"true\">\\n\n <svg viewBox=\"0 0 24 24\" fill=\"none\" stroke=\"currentColor\" stroke-width=\"2\"><rect x=\"3\" y=\"4\" width=\"18\" height=\"14\" rx=\"2\"/><path d=\"M8 20h8\"/></svg>\\n\n </span>\\n\n <p class=\"bb-stat-label\">Open tabs</p>\\n\n </div>\\n\n <p class=\"bb-stat-value\">0</p>\\n\n <p class=\"bb-stat-meta\">0 snapshots</p>\\n\n </article>\\n\n <article class=\"bb-stat\">\\n\n <div class=\"bb-stat-top\">\\n\n <span class=\"bb-icon\" aria-hidden=\"true\">\\n\n <svg viewBox=\"0 0 24 24\" fill=\"none\" stroke=\"currentColor\" stroke-width=\"2\"><path d=\"M3 12a9 9 0 1 0 3-6.7\"/><path d=\"M3 3v6h6\"/><path d=\"M12 7v5l3 2\"/></svg>\\n\n </span>\\n\n <p class=\"bb-stat-label\">History items</p>\\n\n </div>\\n\n <p class=\"bb-stat-value\">0</p>\\n\n </article>\\n\n <article class=\"bb-stat\">\\n\n <div class=\"bb-stat-top\">\\n\n <span class=\"bb-icon\" aria-hidden=\"true\">\\n\n <svg viewBox=\"0 0 24 24\" fill=\"none\" stroke=\"currentColor\" stroke-width=\"2\"><path d=\"m22 2-7 20-4-9-9-4Z\"/><path d=\"M22 2 11 13\"/></svg>\\n\n </span>\\n\n <p class=\"bb-stat-label\">Tab commands</p>\\n\n </div>\\n\n <p class=\"bb-stat-value\">0</p>\\n\n <p class=\"bb-stat-meta\">0 total</p>\\n\n </article>\\n\n </section>\\n\n\\n\n <section id=\"devices\">\\n\n <div class=\"bb-section-head\" style=\"margin-bottom: 16px;\">\\n\n <div>\\n\n <h2 class=\"bb-section-title\" style=\"font-size: 20px;\">Connected devices</h2>\\n\n <p class=\"bb-section-copy\">Browsers connected to this BrowserBridge server.</p>\\n\n </div>\\n\n <div class=\"bb-row\" style=\"gap: 8px;\">\\n\n <a href=\"https://browserbridge.test/dashboard?status=active#devices\" class=\"bb-button bb-button-accent\">Active</a>\\n\n <a href=\"https://browserbridge.test/dashboard?status=disconnected#devices\" class=\"bb-button bb-button-secondary\">Disconnected</a>\\n\n <a href=\"https://browserbridge.test/dashboard?status=all#devices\" class=\"bb-button bb-button-secondary\">All</a>\\n\n </div>\\n\n </div>\\n\n\\n\n <div class=\"bb-grid bb-grid-2\">\\n\n <div class=\"bb-device-card\">\\n\n <div class=\"bb-device-card-header\">\\n\n <div>\\n\n <h3 class=\"bb-device-card-title\">Chrome Mac</h3>\\n\n <div class=\"bb-row\" style=\"gap: 6px; margin-top: 8px;\">\\n\n <span class=\"bb-badge\" style=\"background:var(--bb-surface-muted)\">chrome</span>\\n\n <span class=\"bb-badge\" style=\"background:var(--bb-surface-muted)\">windows</span>\\n\n </div>\\n\n </div>\\n\n <span class=\"bb-badge bb-badge-accent\">\\n\n 1 second ago\\n\n </span>\\n\n </div>\\n\n \\n\n <div style=\"margin-top: 4px;\">\\n\n <span class=\"bb-item-title\" style=\"color:var(--bb-accent-strong)\">Full sync available</span>\\n\n <div class=\"bb-item-meta\">Tabs, bookmarks and history can sync.</div>\\n\n </div>\\n\n\\n\n <div class=\"bb-grid bb-grid-2\" style=\"gap:12px; margin-top:8px;\">\\n\n <div>\\n\n <div class=\"bb-item-title\">0 open tabs</div>\\n\n <div class=\"bb-item-meta\">Pending: 0</div>\\n\n </div>\\n\n <div>\\n\n <div class=\"bb-item-title\">13 bookmarks</div>\\n\n <div class=\"bb-item-meta\">0 history items</div>\\n\n </div>\\n\n </div>\\n\n\\n\n <details class=\"bb-details\">\\n\n <summary class=\"bb-details-summary\">\\n\n <span class=\"bb-icon\" style=\"height:20px;width:20px;background:none;border:none\">\\n\n <svg viewBox=\"0 0 24 24\" fill=\"none\" stroke=\"currentColor\" stroke-width=\"2\"><circle cx=\"12\" cy=\"12\" r=\"10\"/><path d=\"M12 16v-4\"/><path d=\"M12 8h.01\"/></svg>\\n\n </span>\\n\n Advanced details\\n\n </summary>\\n\n <div class=\"bb-details-content bb-stack\" style=\"padding-bottom:14px; gap:12px;\">\\n\n <div>\\n\n <div class=\"bb-item-title\">Device ID</div>\\n\n <div class=\"bb-mono\" style=\"margin-top:4px\">754873df-884d-3efd-8bcd-6f01cc2b8fe2</div>\\n\n </div>\\n\n <div>\\n\n <div class=\"bb-item-title\">Capabilities</div>\\n\n <div class=\"bb-list\" style=\"padding: 8px 0 0; gap: 6px;\">\\n\n <div class=\"bb-row\">\\n\n <span class=\"bb-item-meta\">Can sync native bookmarks</span>\\n\n <span class=\"bb-badge bb-badge-accent\">Available</span>\\n\n </div>\\n\n <div class=\"bb-row\">\\n\n <span class=\"bb-item-meta\">Can sync native history</span>\\n\n <span class=\"bb-badge bb-badge-accent\">Available</span>\\n\n </div>\\n\n <div class=\"bb-row\">\\n\n <span class=\"bb-item-meta\">Can send tabs</span>\\n\n <span class=\"bb-badge bb-badge-accent\">Available</span>\\n\n </div>\\n\n <div class=\"bb-row\">\\n\n <span class=\"bb-item-meta\">Can receive tabs</span>\\n\n <span class=\"bb-badge bb-badge-accent\">Available</span>\\n\n </div>\\n\n </div>\\n\n </div>\\n\n <div class=\"bb-row\" style=\"margin-top:8px;\">\\n\n <form method=\"POST\" action=\"https://browserbridge.test/dashboard/devices/1\" onsubmit=\"return confirm('Disconnect this device? It will disappear from active devices and pending tab commands will be cancelled. Existing synced data will be kept.');\">\\n\n <input type=\"hidden\" name=\"_token\" value=\"6tE87klAsTAOdGlfE04cHOy9riyEYWw6hX5HGflM\" autocomplete=\"off\"> <input type=\"hidden\" name=\"_method\" value=\"DELETE\"> <button type=\"submit\" class=\"bb-button bb-button-danger\" style=\"min-height:30px;font-size:12px;padding:4px 8px;\">Disconnect</button>\\n\n </form>\\n\n </div>\\n\n\\n\n <div style=\"margin-top: 16px; padding-top: 16px; border-top: 1px solid var(--bb-border);\">\\n\n <h4 class=\"bb-item-title\" style=\"color:var(--bb-warning-text)\">Purge device data</h4>\\n\n <p class=\"bb-item-meta\" style=\"margin-top:4px;\">This permanently deletes this device and its related BrowserBridge data. This cannot be undone.</p>\\n\n \\n\n <div class=\"bb-list\" style=\"margin-top:8px; padding:8px 0; gap:4px; font-size:11px;\">\\n\n <div>\u2022 13 bookmarks</div>\\n\n <div>\u2022 0 history items</div>\\n\n <div>\u2022 0 tab snapshots</div>\\n\n <div>\u2022 0 tab commands</div>\\n\n <div>\u2022 0 sync profiles</div>\\n\n </div>\\n\n\\n\n <form method=\"POST\" action=\"https://browserbridge.test/dashboard/devices/1/purge\" style=\"margin-top:12px; display:flex; flex-direction:column; gap:8px;\">\\n\n <input type=\"hidden\" name=\"_token\" value=\"6tE87klAsTAOdGlfE04cHOy9riyEYWw6hX5HGflM\" autocomplete=\"off\"> <input type=\"hidden\" name=\"_method\" value=\"DELETE\"> <input type=\"text\" name=\"confirmation_text\" placeholder=\"Type DELETE DEVICE DATA\" required style=\"font-size:12px; padding:6px 8px; border:1px solid var(--bb-border); border-radius:6px; background:var(--bb-surface); color:var(--bb-text);\">\\n\n <button type=\"submit\" class=\"bb-button\" style=\"background:var(--bb-warning-text); color:white; min-height:30px; font-size:12px; padding:4px 8px; justify-content:center;\">Purge Permanently</button>\\n\n </form>\\n\n </div>\\n\n </div>\\n\n </details>\\n\n </div>\\n\n </div>\\n\n </section>\\n\n\\n\n <section id=\"activity\" class=\"bb-card\" style=\"margin-bottom: 24px;\">\\n\n <div class=\"bb-section-head\">\\n\n <div>\\n\n <h2 class=\"bb-section-title\">Bookmark Sync</h2>\\n\n <p class=\"bb-section-copy\">Profiles for Safe Folder Import, Merge, and guarded Mirror runs.</p>\\n\n </div>\\n\n <span class=\"bb-badge bb-badge-accent\">0 profiles</span>\\n\n </div>\\n\n\\n\n <div class=\"bb-empty\">\\n\n No bookmark sync profiles yet. Create one from the Chrome extension options to preview and run imports.\\n\n </div>\\n\n \\n\n <div class=\"bb-section-head bb-card-pad\">\\n\n <div>\\n\n <h3 class=\"bb-section-title\">Recent bookmark sync runs</h3>\\n\n <p class=\"bb-section-copy\">Run history keeps previews, counts, errors, and operation logs auditable.</p>\\n\n </div>\\n\n <span class=\"bb-badge\">0 total</span>\\n\n </div>\\n\n\\n\n <div class=\"bb-empty\">No bookmark sync runs recorded yet.</div>\\n\n </section>\\n\n\\n\n <section id=\"tabs\">\\n\n <div style=\"margin-bottom: 16px;\">\\n\n <h2 class=\"bb-section-title\" style=\"font-size: 20px;\">Tabs</h2>\\n\n <p class=\"bb-section-copy\">Continue anywhere with your recent open and sent tabs.</p>\\n\n </div>\\n\n\\n\n <div class=\"bb-hero-card\" style=\"margin-bottom: 24px;\">\\n\n <h3 class=\"bb-section-title\" style=\"color:var(--bb-accent-strong)\">Recent tab handoffs</h3>\\n\n \\n\n <div class=\"bb-empty\" style=\"margin-top: 16px;\">No tabs sent recently.</div>\\n\n </div>\\n\n\\n\n <h3 class=\"bb-section-title\" style=\"margin-bottom: 16px;\">Open tabs by device</h3>\\n\n <div class=\"bb-card bb-empty\">No device tab snapshots yet.</div>\\n\n </section>\\n\n\\n\n <div class=\"bb-two-column\">\\n\n <section\\n\n id=\"bookmarks\"\\n\n class=\"bb-card\"\\n\n data-dashboard-browser\\n\n data-kind=\"bookmarks\"\\n\n data-endpoint=\"https://browserbridge.test/dashboard/bookmarks\"\\n\n data-limit=\"12\"\\n\n >\\n\n <div class=\"bb-section-head\" style=\"margin-bottom: 8px;\">\\n\n <div>\\n\n <h2 class=\"bb-section-title\">Bookmarks</h2>\\n\n <p class=\"bb-section-copy\">Latest 12 by default.</p>\\n\n </div>\\n\n <span class=\"bb-badge\" data-result-count>13 total</span>\\n\n </div>\\n\n <div class=\"bb-card-pad\" style=\"padding-top: 0;\">\\n\n <input data-search-input type=\"search\" class=\"bb-input\" placeholder=\"Search bookmarks..\">\\n\n </div>\\n\n <div data-loading class=\"bb-empty hidden\">Loading bookmarks..</div>\\n\n <div data-error class=\"bb-empty hidden\">Could not load bookmarks.</div>\\n\n <div data-empty class=\"hidden bb-empty\">No BrowserBridge bookmarks found.</div>\\n\n <div data-results class=\"bb-list\">\\n\n <div data-result-group>\\n\n <h3 class=\"bb-section-title\" style=\"margin-bottom: 8px;\">Chrome Mac</h3>\\n\n <div class=\"bb-list\">\\n\n <a href=\"https://example.com/visible-bookmark-0\" class=\"bb-list-item\" target=\"_blank\" rel=\"noreferrer\" style=\"display:flex; align-items:center; gap:12px; padding:8px; border-radius:var(--bb-radius-sm);\">\\n\n <div class=\"bb-favicon-fallback\">E</div>\\n\n <div style=\"min-width:0; flex:1;\">\\n\n <div class=\"bb-item-title\" style=\"overflow:hidden; text-overflow:ellipsis; white-space:nowrap;\">Visible BrowserBridge Bookmark 0</div>\\n\n <div class=\"bb-item-meta\" style=\"overflow:hidden; text-overflow:ellipsis; white-space:nowrap;\">\\n\n Bookmarks Bar &middot;\\n\n https://example.com/visible-bookmark-0\\n\n </div>\\n\n </div>\\n\n </a>\\n\n <a href=\"https://example.com/visible-bookmark-1\" class=\"bb-list-item\" target=\"_blank\" rel=\"noreferrer\" style=\"display:flex; align-items:center; gap:12px; padding:8px; border-radius:var(--bb-radius-sm);\">\\n\n <div class=\"bb-favicon-fallback\">E</div>\\n\n <div style=\"min-width:0; flex:1;\">\\n\n <div class=\"bb-item-title\" style=\"overflow:hidden; text-overflow:ellipsis; white-space:nowrap;\">Visible BrowserBridge Bookmark 1</div>\\n\n <div class=\"bb-item-meta\" style=\"overflow:hidden; text-overflow:ellipsis; white-space:nowrap;\">\\n\n Bookmarks Bar &middot;\\n\n https://example.com/visible-bookmark-1\\n\n </div>\\n\n </div>\\n\n </a>\\n\n <a href=\"https://example.com/visible-bookmark-2\" class=\"bb-list-item\" target=\"_blank\" rel=\"noreferrer\" style=\"display:flex; align-items:center; gap:12px; padding:8px; border-radius:var(--bb-radius-sm);\">\\n\n <div class=\"bb-favicon-fallback\">E</div>\\n\n <div style=\"min-width:0; flex:1;\">\\n\n <div class=\"bb-item-title\" style=\"overflow:hidden; text-overflow:ellipsis; white-space:nowrap;\">Visible BrowserBridge Bookmark 2</div>\\n\n <div class=\"bb-item-meta\" style=\"overflow:hidden; text-overflow:ellipsis; white-space:nowrap;\">\\n\n Bookmarks Bar &middot;\\n\n https://example.com/visible-bookmark-2\\n\n </div>\\n\n </div>\\n\n </a>\\n\n <a href=\"https://example.com/visible-bookmark-3\" class=\"bb-list-item\" target=\"_blank\" rel=\"noreferrer\" style=\"display:flex; align-items:center; gap:12px; padding:8px; border-radius:var(--bb-radius-sm);\">\\n\n <div class=\"bb-favicon-fallback\">E</div>\\n\n <div style=\"min-width:0; flex:1;\">\\n\n <div class=\"bb-item-title\" style=\"overflow:hidden; text-overflow:ellipsis; white-space:nowrap;\">Visible BrowserBridge Bookmark 3</div>\\n\n <div class=\"bb-item-meta\" style=\"overflow:hidden; text-overflow:ellipsis; white-space:nowrap;\">\\n\n Bookmarks Bar &middot;\\n\n https://example.com/visible-bookmark-3\\n\n </div>\\n\n </div>\\n\n </a>\\n\n <a href=\"https://example.com/visible-bookmark-4\" class=\"bb-list-item\" target=\"_blank\" rel=\"noreferrer\" style=\"display:flex; align-items:center; gap:12px; padding:8px; border-radius:var(--bb-radius-sm);\">\\n\n <div class=\"bb-favicon-fallback\">E</div>\\n\n <div style=\"min-width:0; flex:1;\">\\n\n <div class=\"bb-item-title\" style=\"overflow:hidden; text-overflow:ellipsis; white-space:nowrap;\">Visible BrowserBridge Bookmark 4</div>\\n\n <div class=\"bb-item-meta\" style=\"overflow:hidden; text-overflow:ellipsis; white-space:nowrap;\">\\n\n Bookmarks Bar &middot;\\n\n https://example.com/visible-bookmark-4\\n\n </div>\\n\n </div>\\n\n </a>\\n\n <a href=\"https://example.com/visible-bookmark-5\" class=\"bb-list-item\" target=\"_blank\" rel=\"noreferrer\" style=\"display:flex; align-items:center; gap:12px; padding:8px; border-radius:var(--bb-radius-sm);\">\\n\n <div class=\"bb-favicon-fallback\">E</div>\\n\n <div style=\"min-width:0; flex:1;\">\\n\n <div class=\"bb-item-title\" style=\"overflow:hidden; text-overflow:ellipsis; white-space:nowrap;\">Visible BrowserBridge Bookmark 5</div>\\n\n <div class=\"bb-item-meta\" style=\"overflow:hidden; text-overflow:ellipsis; white-space:nowrap;\">\\n\n Bookmarks Bar &middot;\\n\n https://example.com/visible-bookmark-5\\n\n </div>\\n\n </div>\\n\n </a>\\n\n <a href=\"https://example.com/visible-bookmark-6\" class=\"bb-list-item\" target=\"_blank\" rel=\"noreferrer\" style=\"display:flex; align-items:center; gap:12px; padding:8px; border-radius:var(--bb-radius-sm);\">\\n\n <div class=\"bb-favicon-fallback\">E</div>\\n\n <div style=\"min-width:0; flex:1;\">\\n\n <div class=\"bb-item-title\" style=\"overflow:hidden; text-overflow:ellipsis; white-space:nowrap;\">Visible BrowserBridge Bookmark 6</div>\\n\n <div class=\"bb-item-meta\" style=\"overflow:hidden; text-overflow:ellipsis; white-space:nowrap;\">\\n\n Bookmarks Bar &middot;\\n\n https://example.com/visible-bookmark-6\\n\n </div>\\n\n </div>\\n\n </a>\\n\n <a href=\"https://example.com/visible-bookmark-7\" class=\"bb-list-item\" target=\"_blank\" rel=\"noreferrer\" style=\"display:flex; align-items:center; gap:12px; padding:8px; border-radius:var(--bb-radius-sm);\">\\n\n <div class=\"bb-favicon-fallback\">E</div>\\n\n <div style=\"min-width:0; flex:1;\">\\n\n <div class=\"bb-item-title\" style=\"overflow:hidden; text-overflow:ellipsis; white-space:nowrap;\">Visible BrowserBridge Bookmark 7</div>\\n\n <div class=\"bb-item-meta\" style=\"overflow:hidden; text-overflow:ellipsis; white-space:nowrap;\">\\n\n Bookmarks Bar &middot;\\n\n https://example.com/visible-bookmark-7\\n\n </div>\\n\n </div>\\n\n </a>\\n\n <a href=\"https://example.com/visible-bookmark-8\" class=\"bb-list-item\" target=\"_blank\" rel=\"noreferrer\" style=\"display:flex; align-items:center; gap:12px; padding:8px; border-radius:var(--bb-radius-sm);\">\\n\n <div class=\"bb-favicon-fallback\">E</div>\\n\n <div style=\"min-width:0; flex:1;\">\\n\n <div class=\"bb-item-title\" style=\"overflow:hidden; text-overflow:ellipsis; white-space:nowrap;\">Visible BrowserBridge Bookmark 8</div>\\n\n <div class=\"bb-item-meta\" style=\"overflow:hidden; text-overflow:ellipsis; white-space:nowrap;\">\\n\n Bookmarks Bar &middot;\\n\n https://example.com/visible-bookmark-8\\n\n </div>\\n\n </div>\\n\n </a>\\n\n <a href=\"https://example.com/visible-bookmark-9\" class=\"bb-list-item\" target=\"_blank\" rel=\"noreferrer\" style=\"display:flex; align-items:center; gap:12px; padding:8px; border-radius:var(--bb-radius-sm);\">\\n\n <div class=\"bb-favicon-fallback\">E</div>\\n\n <div style=\"min-width:0; flex:1;\">\\n\n <div class=\"bb-item-title\" style=\"overflow:hidden; text-overflow:ellipsis; white-space:nowrap;\">Visible BrowserBridge Bookmark 9</div>\\n\n <div class=\"bb-item-meta\" style=\"overflow:hidden; text-overflow:ellipsis; white-space:nowrap;\">\\n\n Bookmarks Bar &middot;\\n\n https://example.com/visible-bookmark-9\\n\n </div>\\n\n </div>\\n\n </a>\\n\n <a href=\"https://example.com/visible-bookmark-10\" class=\"bb-list-item\" target=\"_blank\" rel=\"noreferrer\" style=\"display:flex; align-items:center; gap:12px; padding:8px; border-radius:var(--bb-radius-sm);\">\\n\n <div class=\"bb-favicon-fallback\">E</div>\\n\n <div style=\"min-width:0; flex:1;\">\\n\n <div class=\"bb-item-title\" style=\"overflow:hidden; text-overflow:ellipsis; white-space:nowrap;\">Visible BrowserBridge Bookmark 10</div>\\n\n <div class=\"bb-item-meta\" style=\"overflow:hidden; text-overflow:ellipsis; white-space:nowrap;\">\\n\n Bookmarks Bar &middot;\\n\n https://example.com/visible-bookmark-10\\n\n </div>\\n\n </div>\\n\n </a>\\n\n <a href=\"https://example.com/visible-bookmark-11\" class=\"bb-list-item\" target=\"_blank\" rel=\"noreferrer\" style=\"display:flex; align-items:center; gap:12px; padding:8px; border-radius:var(--bb-radius-sm);\">\\n\n <div class=\"bb-favicon-fallback\">E</div>\\n\n <div style=\"min-width:0; flex:1;\">\\n\n <div class=\"bb-item-title\" style=\"overflow:hidden; text-overflow:ellipsis; white-space:nowrap;\">Visible BrowserBridge Bookmark 11</div>\\n\n <div class=\"bb-item-meta\" style=\"overflow:hidden; text-overflow:ellipsis; white-space:nowrap;\">\\n\n Bookmarks Bar &middot;\\n\n https://example.com/visible-bookmark-11\\n\n </div>\\n\n </div>\\n\n </a>\\n\n </div>\\n\n </div>\\n\n </div>\\n\n <div class=\"bb-card-pad\">\\n\n <button data-load-more type=\"button\" class=\" bb-button bb-button-secondary\">Show more</button>\\n\n </div>\\n\n </section>\\n\n\\n\n <section\\n\n id=\"history\"\\n\n class=\"bb-card\"\\n\n data-dashboard-browser\\n\n data-kind=\"history\"\\n\n data-endpoint=\"https://browserbridge.test/dashboard/history\"\\n\n data-limit=\"10\"\\n\n >\\n\n <div class=\"bb-section-head\" style=\"margin-bottom: 8px;\">\\n\n <div>\\n\n <h2 class=\"bb-section-title\">History</h2>\\n\n <p class=\"bb-section-copy\">Recent 10 by default.</p>\\n\n </div>\\n\n <span class=\"bb-badge\" data-result-count>0 total</span>\\n\n </div>\\n\n <div class=\"bb-card-pad\" style=\"padding-top: 0;\">\\n\n <input data-search-input type=\"search\" class=\"bb-input\" placeholder=\"Search history..\">\\n\n </div>\\n\n <div data-loading class=\"bb-empty hidden\">Loading history..</div>\\n\n <div data-error class=\"bb-empty hidden\">Could not load history.</div>\\n\n <div data-empty class=\" bb-empty\">No BrowserBridge history found.</div>\\n\n <div data-results class=\"bb-list\">\\n\n </div>\\n\n <div class=\"bb-card-pad\">\\n\n <button data-load-more type=\"button\" class=\"hidden bb-button bb-button-secondary\">Show more</button>\\n\n </div>\\n\n </section>\\n\n </div>\\n\n\\n\n <section id=\"settings\" class=\"bb-card bb-danger-zone\" style=\"margin-top: 40px;\">\\n\n <div class=\"bb-section-head\">\\n\n <div>\\n\n <h2 class=\"bb-section-title\">Privacy controls & Settings</h2>\\n\n <p class=\"bb-section-copy\">\\n\n Synced history is retained for 14 days by default and is only a BrowserBridge shared view.\\n\n </p>\\n\n </div>\\n\n <form method=\"POST\" action=\"https://browserbridge.test/dashboard/history\" onsubmit=\"return confirm('Delete all synced BrowserBridge history?');\">\\n\n <input type=\"hidden\" name=\"_token\" value=\"6tE87klAsTAOdGlfE04cHOy9riyEYWw6hX5HGflM\" autocomplete=\"off\"> <input type=\"hidden\" name=\"_method\" value=\"DELETE\"> <button type=\"submit\" class=\"bb-button bb-button-danger\">Delete synced history</button>\\n\n </form>\\n\n </div>\\n\n </section>\\n\n </div>\\n\n </main>\\n\n </body>\\n\n</html>\\n\n' [UTF-8](length: 44562) contains \"BrowserBridge Bookmarks\" [ASCII](length: 23)."}]}
